Archive member included to satisfy reference by file (symbol)

c:/st/stm32cubeide_1.6.1/stm32cubeide/plugins/com.st.stm32cube.ide.mcu.externaltools.gnu-tools-for-stm32.9-2020-q2-update.win32_1.5.0.202011040924/tools/bin/../lib/gcc/arm-none-eabi/9.3.1/../../../../arm-none-eabi/lib/thumb/v7-m/nofp\libc_nano.a(lib_a-exit.o)
                              c:/st/stm32cubeide_1.6.1/stm32cubeide/plugins/com.st.stm32cube.ide.mcu.externaltools.gnu-tools-for-stm32.9-2020-q2-update.win32_1.5.0.202011040924/tools/bin/../lib/gcc/arm-none-eabi/9.3.1/../../../../arm-none-eabi/lib/thumb/v7-m/nofp/crt0.o (exit)
c:/st/stm32cubeide_1.6.1/stm32cubeide/plugins/com.st.stm32cube.ide.mcu.externaltools.gnu-tools-for-stm32.9-2020-q2-update.win32_1.5.0.202011040924/tools/bin/../lib/gcc/arm-none-eabi/9.3.1/../../../../arm-none-eabi/lib/thumb/v7-m/nofp\libc_nano.a(lib_a-impure.o)
                              c:/st/stm32cubeide_1.6.1/stm32cubeide/plugins/com.st.stm32cube.ide.mcu.externaltools.gnu-tools-for-stm32.9-2020-q2-update.win32_1.5.0.202011040924/tools/bin/../lib/gcc/arm-none-eabi/9.3.1/../../../../arm-none-eabi/lib/thumb/v7-m/nofp\libc_nano.a(lib_a-exit.o) (_global_impure_ptr)
c:/st/stm32cubeide_1.6.1/stm32cubeide/plugins/com.st.stm32cube.ide.mcu.externaltools.gnu-tools-for-stm32.9-2020-q2-update.win32_1.5.0.202011040924/tools/bin/../lib/gcc/arm-none-eabi/9.3.1/../../../../arm-none-eabi/lib/thumb/v7-m/nofp\libc_nano.a(lib_a-init.o)
                              c:/st/stm32cubeide_1.6.1/stm32cubeide/plugins/com.st.stm32cube.ide.mcu.externaltools.gnu-tools-for-stm32.9-2020-q2-update.win32_1.5.0.202011040924/tools/bin/../lib/gcc/arm-none-eabi/9.3.1/../../../../arm-none-eabi/lib/thumb/v7-m/nofp/crt0.o (__libc_init_array)
c:/st/stm32cubeide_1.6.1/stm32cubeide/plugins/com.st.stm32cube.ide.mcu.externaltools.gnu-tools-for-stm32.9-2020-q2-update.win32_1.5.0.202011040924/tools/bin/../lib/gcc/arm-none-eabi/9.3.1/../../../../arm-none-eabi/lib/thumb/v7-m/nofp\libc_nano.a(lib_a-memset.o)
                              c:/st/stm32cubeide_1.6.1/stm32cubeide/plugins/com.st.stm32cube.ide.mcu.externaltools.gnu-tools-for-stm32.9-2020-q2-update.win32_1.5.0.202011040924/tools/bin/../lib/gcc/arm-none-eabi/9.3.1/../../../../arm-none-eabi/lib/thumb/v7-m/nofp/crt0.o (memset)
c:/st/stm32cubeide_1.6.1/stm32cubeide/plugins/com.st.stm32cube.ide.mcu.externaltools.gnu-tools-for-stm32.9-2020-q2-update.win32_1.5.0.202011040924/tools/bin/../lib/gcc/arm-none-eabi/9.3.1/../../../../arm-none-eabi/lib/thumb/v7-m/nofp\libnosys.a(_exit.o)
                              c:/st/stm32cubeide_1.6.1/stm32cubeide/plugins/com.st.stm32cube.ide.mcu.externaltools.gnu-tools-for-stm32.9-2020-q2-update.win32_1.5.0.202011040924/tools/bin/../lib/gcc/arm-none-eabi/9.3.1/../../../../arm-none-eabi/lib/thumb/v7-m/nofp\libc_nano.a(lib_a-exit.o) (_exit)

Discarded input sections

 .text          0x0000000000000000        0x0 c:/st/stm32cubeide_1.6.1/stm32cubeide/plugins/com.st.stm32cube.ide.mcu.externaltools.gnu-tools-for-stm32.9-2020-q2-update.win32_1.5.0.202011040924/tools/bin/../lib/gcc/arm-none-eabi/9.3.1/thumb/v7-m/nofp/crti.o
 .data          0x0000000000000000        0x0 c:/st/stm32cubeide_1.6.1/stm32cubeide/plugins/com.st.stm32cube.ide.mcu.externaltools.gnu-tools-for-stm32.9-2020-q2-update.win32_1.5.0.202011040924/tools/bin/../lib/gcc/arm-none-eabi/9.3.1/thumb/v7-m/nofp/crti.o
 .bss           0x0000000000000000        0x0 c:/st/stm32cubeide_1.6.1/stm32cubeide/plugins/com.st.stm32cube.ide.mcu.externaltools.gnu-tools-for-stm32.9-2020-q2-update.win32_1.5.0.202011040924/tools/bin/../lib/gcc/arm-none-eabi/9.3.1/thumb/v7-m/nofp/crti.o
 .data          0x0000000000000000        0x4 c:/st/stm32cubeide_1.6.1/stm32cubeide/plugins/com.st.stm32cube.ide.mcu.externaltools.gnu-tools-for-stm32.9-2020-q2-update.win32_1.5.0.202011040924/tools/bin/../lib/gcc/arm-none-eabi/9.3.1/thumb/v7-m/nofp/crtbegin.o
 .text          0x0000000000000000       0x7c c:/st/stm32cubeide_1.6.1/stm32cubeide/plugins/com.st.stm32cube.ide.mcu.externaltools.gnu-tools-for-stm32.9-2020-q2-update.win32_1.5.0.202011040924/tools/bin/../lib/gcc/arm-none-eabi/9.3.1/../../../../arm-none-eabi/lib/thumb/v7-m/nofp/crt0.o
 .data          0x0000000000000000        0x0 c:/st/stm32cubeide_1.6.1/stm32cubeide/plugins/com.st.stm32cube.ide.mcu.externaltools.gnu-tools-for-stm32.9-2020-q2-update.win32_1.5.0.202011040924/tools/bin/../lib/gcc/arm-none-eabi/9.3.1/../../../../arm-none-eabi/lib/thumb/v7-m/nofp/crt0.o
 .bss           0x0000000000000000        0x0 c:/st/stm32cubeide_1.6.1/stm32cubeide/plugins/com.st.stm32cube.ide.mcu.externaltools.gnu-tools-for-stm32.9-2020-q2-update.win32_1.5.0.202011040924/tools/bin/../lib/gcc/arm-none-eabi/9.3.1/../../../../arm-none-eabi/lib/thumb/v7-m/nofp/crt0.o
 .ARM.extab     0x0000000000000000        0x0 c:/st/stm32cubeide_1.6.1/stm32cubeide/plugins/com.st.stm32cube.ide.mcu.externaltools.gnu-tools-for-stm32.9-2020-q2-update.win32_1.5.0.202011040924/tools/bin/../lib/gcc/arm-none-eabi/9.3.1/../../../../arm-none-eabi/lib/thumb/v7-m/nofp/crt0.o
 .ARM.exidx     0x0000000000000000       0x10 c:/st/stm32cubeide_1.6.1/stm32cubeide/plugins/com.st.stm32cube.ide.mcu.externaltools.gnu-tools-for-stm32.9-2020-q2-update.win32_1.5.0.202011040924/tools/bin/../lib/gcc/arm-none-eabi/9.3.1/../../../../arm-none-eabi/lib/thumb/v7-m/nofp/crt0.o
 .ARM.attributes
                0x0000000000000000       0x1b c:/st/stm32cubeide_1.6.1/stm32cubeide/plugins/com.st.stm32cube.ide.mcu.externaltools.gnu-tools-for-stm32.9-2020-q2-update.win32_1.5.0.202011040924/tools/bin/../lib/gcc/arm-none-eabi/9.3.1/../../../../arm-none-eabi/lib/thumb/v7-m/nofp/crt0.o
 .group         0x0000000000000000        0xc Applicatoin/CmmunicationOverCAN_PROG.o
 .group         0x0000000000000000        0xc Applicatoin/CmmunicationOverCAN_PROG.o
 .group         0x0000000000000000        0xc Applicatoin/CmmunicationOverCAN_PROG.o
 .group         0x0000000000000000        0xc Applicatoin/CmmunicationOverCAN_PROG.o
 .group         0x0000000000000000        0xc Applicatoin/CmmunicationOverCAN_PROG.o
 .text          0x0000000000000000        0x0 Applicatoin/CmmunicationOverCAN_PROG.o
 .data          0x0000000000000000        0x0 Applicatoin/CmmunicationOverCAN_PROG.o
 .bss           0x0000000000000000        0x0 Applicatoin/CmmunicationOverCAN_PROG.o
 .text.CommApp_voidClearUartVar
                0x0000000000000000       0x18 Applicatoin/CmmunicationOverCAN_PROG.o
 .text.CommApp_voidReadUartVar
                0x0000000000000000       0x18 Applicatoin/CmmunicationOverCAN_PROG.o
 .group         0x0000000000000000        0xc MCAL/GPIO/GPIO_CONF.o
 .group         0x0000000000000000        0xc MCAL/GPIO/GPIO_CONF.o
 .group         0x0000000000000000        0xc MCAL/GPIO/GPIO_CONF.o
 .text          0x0000000000000000        0x0 MCAL/GPIO/GPIO_CONF.o
 .data          0x0000000000000000        0x0 MCAL/GPIO/GPIO_CONF.o
 .bss           0x0000000000000000        0x0 MCAL/GPIO/GPIO_CONF.o
 .debug_macro   0x0000000000000000      0xaa2 MCAL/GPIO/GPIO_CONF.o
 .debug_macro   0x0000000000000000       0xfa MCAL/GPIO/GPIO_CONF.o
 .group         0x0000000000000000        0xc MCAL/GPIO/GPIO_Prog.o
 .group         0x0000000000000000        0xc MCAL/GPIO/GPIO_Prog.o
 .group         0x0000000000000000        0xc MCAL/GPIO/GPIO_Prog.o
 .group         0x0000000000000000        0xc MCAL/GPIO/GPIO_Prog.o
 .group         0x0000000000000000        0xc MCAL/GPIO/GPIO_Prog.o
 .group         0x0000000000000000        0xc MCAL/GPIO/GPIO_Prog.o
 .text          0x0000000000000000        0x0 MCAL/GPIO/GPIO_Prog.o
 .data          0x0000000000000000        0x0 MCAL/GPIO/GPIO_Prog.o
 .bss           0x0000000000000000        0x0 MCAL/GPIO/GPIO_Prog.o
 .text.GPIO_u8SetPortDirection_H
                0x0000000000000000       0x98 MCAL/GPIO/GPIO_Prog.o
 .text.GPIO_u8SetPortDirection_L
                0x0000000000000000       0x98 MCAL/GPIO/GPIO_Prog.o
 .text.GPIO_u8SetPortValue_L
                0x0000000000000000       0x6c MCAL/GPIO/GPIO_Prog.o
 .text.GPIO_u8SetPortValue_H
                0x0000000000000000       0xac MCAL/GPIO/GPIO_Prog.o
 .text.GPIO_enSetPinDirection
                0x0000000000000000      0x1b4 MCAL/GPIO/GPIO_Prog.o
 .text.GPIO_enSetPinValue
                0x0000000000000000      0x108 MCAL/GPIO/GPIO_Prog.o
 .text.GPIO_enGetPinValue
                0x0000000000000000       0xa0 MCAL/GPIO/GPIO_Prog.o
 .text.GPIO_u8SetResetPin
                0x0000000000000000       0xcc MCAL/GPIO/GPIO_Prog.o
 .text.GPIO_u8SetPinV_ID
                0x0000000000000000       0xc0 MCAL/GPIO/GPIO_Prog.o
 .text.GPIO_u8LockPin_ID
                0x0000000000000000      0x1bc MCAL/GPIO/GPIO_Prog.o
 .text.GPIO_u8GetPinV_ID
                0x0000000000000000       0x9c MCAL/GPIO/GPIO_Prog.o
 .debug_macro   0x0000000000000000      0xaa2 MCAL/GPIO/GPIO_Prog.o
 .debug_macro   0x0000000000000000       0x28 MCAL/GPIO/GPIO_Prog.o
 .debug_macro   0x0000000000000000       0xfa MCAL/GPIO/GPIO_Prog.o
 .group         0x0000000000000000        0xc MCAL/NVIC/NVIC_Prog.o
 .group         0x0000000000000000        0xc MCAL/NVIC/NVIC_Prog.o
 .group         0x0000000000000000        0xc MCAL/NVIC/NVIC_Prog.o
 .group         0x0000000000000000        0xc MCAL/NVIC/NVIC_Prog.o
 .group         0x0000000000000000        0xc MCAL/NVIC/NVIC_Prog.o
 .text          0x0000000000000000        0x0 MCAL/NVIC/NVIC_Prog.o
 .data          0x0000000000000000        0x0 MCAL/NVIC/NVIC_Prog.o
 .bss           0x0000000000000000        0x0 MCAL/NVIC/NVIC_Prog.o
 .text.NVIC_u8Set_PR_options
                0x0000000000000000       0x1c MCAL/NVIC/NVIC_Prog.o
 .text.NVIC_u8Clr_EN_IRQ
                0x0000000000000000       0x4c MCAL/NVIC/NVIC_Prog.o
 .text.NVIC_u8Set_Pend_IRQ
                0x0000000000000000       0x4c MCAL/NVIC/NVIC_Prog.o
 .text.NVIC_u8Clr_Pend_IRQ
                0x0000000000000000       0x4c MCAL/NVIC/NVIC_Prog.o
 .text.NVIC_u8Get_Active_IRQ
                0x0000000000000000       0x58 MCAL/NVIC/NVIC_Prog.o
 .text.NVIC_u8Set_PR_Value
                0x0000000000000000       0x78 MCAL/NVIC/NVIC_Prog.o
 .debug_macro   0x0000000000000000      0xaa2 MCAL/NVIC/NVIC_Prog.o
 .debug_macro   0x0000000000000000       0x28 MCAL/NVIC/NVIC_Prog.o
 .debug_macro   0x0000000000000000       0x40 MCAL/NVIC/NVIC_Prog.o
 .debug_macro   0x0000000000000000      0x1a9 MCAL/NVIC/NVIC_Prog.o
 .group         0x0000000000000000        0xc MCAL/RCC/RCC_Prog.o
 .group         0x0000000000000000        0xc MCAL/RCC/RCC_Prog.o
 .group         0x0000000000000000        0xc MCAL/RCC/RCC_Prog.o
 .group         0x0000000000000000        0xc MCAL/RCC/RCC_Prog.o
 .group         0x0000000000000000        0xc MCAL/RCC/RCC_Prog.o
 .group         0x0000000000000000        0xc MCAL/RCC/RCC_Prog.o
 .group         0x0000000000000000        0xc MCAL/RCC/RCC_Prog.o
 .text          0x0000000000000000        0x0 MCAL/RCC/RCC_Prog.o
 .data          0x0000000000000000        0x0 MCAL/RCC/RCC_Prog.o
 .bss           0x0000000000000000        0x0 MCAL/RCC/RCC_Prog.o
 .text.RCC_voidDisablePeriphralCLK
                0x0000000000000000       0xb4 MCAL/RCC/RCC_Prog.o
 .text.RCC_vSetADC_CLK
                0x0000000000000000       0x44 MCAL/RCC/RCC_Prog.o
 .debug_macro   0x0000000000000000      0xaa2 MCAL/RCC/RCC_Prog.o
 .debug_macro   0x0000000000000000       0x28 MCAL/RCC/RCC_Prog.o
 .debug_macro   0x0000000000000000       0x40 MCAL/RCC/RCC_Prog.o
 .debug_macro   0x0000000000000000      0x1a9 MCAL/RCC/RCC_Prog.o
 .debug_macro   0x0000000000000000       0x22 MCAL/RCC/RCC_Prog.o
 .group         0x0000000000000000        0xc MCAL/Systick/SYSTICK_Prog.o
 .group         0x0000000000000000        0xc MCAL/Systick/SYSTICK_Prog.o
 .group         0x0000000000000000        0xc MCAL/Systick/SYSTICK_Prog.o
 .group         0x0000000000000000        0xc MCAL/Systick/SYSTICK_Prog.o
 .group         0x0000000000000000        0xc MCAL/Systick/SYSTICK_Prog.o
 .group         0x0000000000000000        0xc MCAL/Systick/SYSTICK_Prog.o
 .group         0x0000000000000000        0xc MCAL/Systick/SYSTICK_Prog.o
 .text          0x0000000000000000        0x0 MCAL/Systick/SYSTICK_Prog.o
 .data          0x0000000000000000        0x0 MCAL/Systick/SYSTICK_Prog.o
 .bss           0x0000000000000000        0x0 MCAL/Systick/SYSTICK_Prog.o
 .text.STK_u8Init
                0x0000000000000000       0x20 MCAL/Systick/SYSTICK_Prog.o
 .text.STK_u8SetBusyWait
                0x0000000000000000       0x60 MCAL/Systick/SYSTICK_Prog.o
 .text.STK_u8SetIntervalSingleOV
                0x0000000000000000       0x64 MCAL/Systick/SYSTICK_Prog.o
 .text.STK_u8SetIntervalSingle
                0x0000000000000000       0x68 MCAL/Systick/SYSTICK_Prog.o
 .text.STK_u8SetIntervalPeriodic
                0x0000000000000000       0x48 MCAL/Systick/SYSTICK_Prog.o
 .text.STK_u8StartTimer
                0x0000000000000000       0x28 MCAL/Systick/SYSTICK_Prog.o
 .text.STK_u8SpentTimer
                0x0000000000000000       0x2c MCAL/Systick/SYSTICK_Prog.o
 .text.STK_u8GetRemining
                0x0000000000000000       0x24 MCAL/Systick/SYSTICK_Prog.o
 .text.STK_u8ENInterrupt
                0x0000000000000000       0x20 MCAL/Systick/SYSTICK_Prog.o
 .text.STK_u8SetCallBack
                0x0000000000000000       0x30 MCAL/Systick/SYSTICK_Prog.o
 .debug_macro   0x0000000000000000      0xaa2 MCAL/Systick/SYSTICK_Prog.o
 .debug_macro   0x0000000000000000       0x28 MCAL/Systick/SYSTICK_Prog.o
 .debug_macro   0x0000000000000000       0x40 MCAL/Systick/SYSTICK_Prog.o
 .debug_macro   0x0000000000000000      0x1a9 MCAL/Systick/SYSTICK_Prog.o
 .group         0x0000000000000000        0xc MCAL/UART/UART_Prog.o
 .group         0x0000000000000000        0xc MCAL/UART/UART_Prog.o
 .group         0x0000000000000000        0xc MCAL/UART/UART_Prog.o
 .group         0x0000000000000000        0xc MCAL/UART/UART_Prog.o
 .group         0x0000000000000000        0xc MCAL/UART/UART_Prog.o
 .group         0x0000000000000000        0xc MCAL/UART/UART_Prog.o
 .group         0x0000000000000000        0xc MCAL/UART/UART_Prog.o
 .text          0x0000000000000000        0x0 MCAL/UART/UART_Prog.o
 .data          0x0000000000000000        0x0 MCAL/UART/UART_Prog.o
 .bss           0x0000000000000000        0x0 MCAL/UART/UART_Prog.o
 .bss.UART1_u8GlobalFrame
                0x0000000000000000       0x14 MCAL/UART/UART_Prog.o
 .bss.UART1_u8index
                0x0000000000000000        0x1 MCAL/UART/UART_Prog.o
 .bss.UART1_u8EndFrameRecieved
                0x0000000000000000        0x1 MCAL/UART/UART_Prog.o
 .bss.UART1_StringRX
                0x0000000000000000       0x14 MCAL/UART/UART_Prog.o
 .bss.UART1_MUNRX
                0x0000000000000000        0x2 MCAL/UART/UART_Prog.o
 .bss.UART1_DataReady
                0x0000000000000000        0x1 MCAL/UART/UART_Prog.o
 .text.UART1_u8SendByteBusyw8
                0x0000000000000000       0x40 MCAL/UART/UART_Prog.o
 .text.UART1_u8RecieveByteBusyw8
                0x0000000000000000       0x44 MCAL/UART/UART_Prog.o
 .text.UART1_u8SendStringBusyW8
                0x0000000000000000       0x3c MCAL/UART/UART_Prog.o
 .text.UART1_u8SendArrayBusyW8
                0x0000000000000000       0x3c MCAL/UART/UART_Prog.o
 .text.UART1_u8SendNum
                0x0000000000000000       0x48 MCAL/UART/UART_Prog.o
 .text.UART1_u8SendNumString
                0x0000000000000000       0xac MCAL/UART/UART_Prog.o
 .text.separate_string
                0x0000000000000000       0xdc MCAL/UART/UART_Prog.o
 .text.UART1_Runnable
                0x0000000000000000       0x34 MCAL/UART/UART_Prog.o
 .text.UART1_IsDataReady
                0x0000000000000000       0x14 MCAL/UART/UART_Prog.o
 .text.UART1_GETdata
                0x0000000000000000       0x6c MCAL/UART/UART_Prog.o
 .text.UART1_u8EnterruptDsRX
                0x0000000000000000       0x28 MCAL/UART/UART_Prog.o
 .text.UART1_u8EnterruptEnTX
                0x0000000000000000       0x16 MCAL/UART/UART_Prog.o
 .text.UART1_u8EnterruptDsTX
                0x0000000000000000       0x16 MCAL/UART/UART_Prog.o
 .text.UART1_u8EnterruptCallBackTX
                0x0000000000000000       0x16 MCAL/UART/UART_Prog.o
 .bss.UART2_u8GlobalFrame
                0x0000000000000000       0x14 MCAL/UART/UART_Prog.o
 .bss.UART2_u8index
                0x0000000000000000        0x1 MCAL/UART/UART_Prog.o
 .bss.UART2_u8EndFrameRecieved
                0x0000000000000000        0x1 MCAL/UART/UART_Prog.o
 .text.UART2_u8RecieveByteBusyw8
                0x0000000000000000       0x44 MCAL/UART/UART_Prog.o
 .text.UART2_u8SendStringBusyW8
                0x0000000000000000       0x3c MCAL/UART/UART_Prog.o
 .text.UART2_u8SendArrayBusyW8
                0x0000000000000000       0x3c MCAL/UART/UART_Prog.o
 .text.UART2_u8RecieveByte
                0x0000000000000000       0x28 MCAL/UART/UART_Prog.o
 .text.UART2_u8SendNum
                0x0000000000000000       0x48 MCAL/UART/UART_Prog.o
 .text.UART2_u8SendNumString
                0x0000000000000000       0xac MCAL/UART/UART_Prog.o
 .text.UART2_u8EnterruptEnRX
                0x0000000000000000       0x28 MCAL/UART/UART_Prog.o
 .text.UART2_u8EnterruptDsRX
                0x0000000000000000       0x28 MCAL/UART/UART_Prog.o
 .text.UART2_u8EnterruptCallBackRX
                0x0000000000000000       0x30 MCAL/UART/UART_Prog.o
 .text.UART2_u8EnterruptEnTX
                0x0000000000000000       0x16 MCAL/UART/UART_Prog.o
 .text.UART2_u8EnterruptDsTX
                0x0000000000000000       0x16 MCAL/UART/UART_Prog.o
 .text.UART2_u8EnterruptCallBackTX
                0x0000000000000000       0x16 MCAL/UART/UART_Prog.o
 .debug_macro   0x0000000000000000      0xaa2 MCAL/UART/UART_Prog.o
 .debug_macro   0x0000000000000000       0x28 MCAL/UART/UART_Prog.o
 .debug_macro   0x0000000000000000       0x40 MCAL/UART/UART_Prog.o
 .debug_macro   0x0000000000000000      0x1a9 MCAL/UART/UART_Prog.o
 .debug_macro   0x0000000000000000       0x22 MCAL/UART/UART_Prog.o
 .group         0x0000000000000000        0xc Service/Delay/Delay.o
 .group         0x0000000000000000        0xc Service/Delay/Delay.o
 .group         0x0000000000000000        0xc Service/Delay/Delay.o
 .text          0x0000000000000000        0x0 Service/Delay/Delay.o
 .data          0x0000000000000000        0x0 Service/Delay/Delay.o
 .bss           0x0000000000000000        0x0 Service/Delay/Delay.o
 .text.Delay    0x0000000000000000       0x3e Service/Delay/Delay.o
 .debug_info    0x0000000000000000       0xc2 Service/Delay/Delay.o
 .debug_abbrev  0x0000000000000000       0x76 Service/Delay/Delay.o
 .debug_aranges
                0x0000000000000000       0x20 Service/Delay/Delay.o
 .debug_ranges  0x0000000000000000       0x10 Service/Delay/Delay.o
 .debug_macro   0x0000000000000000       0x2d Service/Delay/Delay.o
 .debug_macro   0x0000000000000000      0xaa2 Service/Delay/Delay.o
 .debug_macro   0x0000000000000000       0x28 Service/Delay/Delay.o
 .debug_macro   0x0000000000000000       0x40 Service/Delay/Delay.o
 .debug_line    0x0000000000000000       0xd8 Service/Delay/Delay.o
 .debug_str     0x0000000000000000     0x2fde Service/Delay/Delay.o
 .comment       0x0000000000000000       0x54 Service/Delay/Delay.o
 .debug_frame   0x0000000000000000       0x38 Service/Delay/Delay.o
 .ARM.attributes
                0x0000000000000000       0x2d Service/Delay/Delay.o
 .group         0x0000000000000000        0xc Src/main.o
 .group         0x0000000000000000        0xc Src/main.o
 .text          0x0000000000000000        0x0 Src/main.o
 .data          0x0000000000000000        0x0 Src/main.o
 .bss           0x0000000000000000        0x0 Src/main.o
 .debug_macro   0x0000000000000000      0xaa2 Src/main.o
 .debug_macro   0x0000000000000000       0x28 Src/main.o
 .text          0x0000000000000000       0x14 Startup/startup_stm32f103c6tx.o
 .data          0x0000000000000000        0x0 Startup/startup_stm32f103c6tx.o
 .bss           0x0000000000000000        0x0 Startup/startup_stm32f103c6tx.o
 .text          0x0000000000000000        0x0 c:/st/stm32cubeide_1.6.1/stm32cubeide/plugins/com.st.stm32cube.ide.mcu.externaltools.gnu-tools-for-stm32.9-2020-q2-update.win32_1.5.0.202011040924/tools/bin/../lib/gcc/arm-none-eabi/9.3.1/../../../../arm-none-eabi/lib/thumb/v7-m/nofp\libc_nano.a(lib_a-exit.o)
 .data          0x0000000000000000        0x0 c:/st/stm32cubeide_1.6.1/stm32cubeide/plugins/com.st.stm32cube.ide.mcu.externaltools.gnu-tools-for-stm32.9-2020-q2-update.win32_1.5.0.202011040924/tools/bin/../lib/gcc/arm-none-eabi/9.3.1/../../../../arm-none-eabi/lib/thumb/v7-m/nofp\libc_nano.a(lib_a-exit.o)
 .bss           0x0000000000000000        0x0 c:/st/stm32cubeide_1.6.1/stm32cubeide/plugins/com.st.stm32cube.ide.mcu.externaltools.gnu-tools-for-stm32.9-2020-q2-update.win32_1.5.0.202011040924/tools/bin/../lib/gcc/arm-none-eabi/9.3.1/../../../../arm-none-eabi/lib/thumb/v7-m/nofp\libc_nano.a(lib_a-exit.o)
 .text.exit     0x0000000000000000       0x28 c:/st/stm32cubeide_1.6.1/stm32cubeide/plugins/com.st.stm32cube.ide.mcu.externaltools.gnu-tools-for-stm32.9-2020-q2-update.win32_1.5.0.202011040924/tools/bin/../lib/gcc/arm-none-eabi/9.3.1/../../../../arm-none-eabi/lib/thumb/v7-m/nofp\libc_nano.a(lib_a-exit.o)
 .debug_frame   0x0000000000000000       0x28 c:/st/stm32cubeide_1.6.1/stm32cubeide/plugins/com.st.stm32cube.ide.mcu.externaltools.gnu-tools-for-stm32.9-2020-q2-update.win32_1.5.0.202011040924/tools/bin/../lib/gcc/arm-none-eabi/9.3.1/../../../../arm-none-eabi/lib/thumb/v7-m/nofp\libc_nano.a(lib_a-exit.o)
 .ARM.attributes
                0x0000000000000000       0x2d c:/st/stm32cubeide_1.6.1/stm32cubeide/plugins/com.st.stm32cube.ide.mcu.externaltools.gnu-tools-for-stm32.9-2020-q2-update.win32_1.5.0.202011040924/tools/bin/../lib/gcc/arm-none-eabi/9.3.1/../../../../arm-none-eabi/lib/thumb/v7-m/nofp\libc_nano.a(lib_a-exit.o)
 .text          0x0000000000000000        0x0 c:/st/stm32cubeide_1.6.1/stm32cubeide/plugins/com.st.stm32cube.ide.mcu.externaltools.gnu-tools-for-stm32.9-2020-q2-update.win32_1.5.0.202011040924/tools/bin/../lib/gcc/arm-none-eabi/9.3.1/../../../../arm-none-eabi/lib/thumb/v7-m/nofp\libc_nano.a(lib_a-impure.o)
 .data          0x0000000000000000        0x0 c:/st/stm32cubeide_1.6.1/stm32cubeide/plugins/com.st.stm32cube.ide.mcu.externaltools.gnu-tools-for-stm32.9-2020-q2-update.win32_1.5.0.202011040924/tools/bin/../lib/gcc/arm-none-eabi/9.3.1/../../../../arm-none-eabi/lib/thumb/v7-m/nofp\libc_nano.a(lib_a-impure.o)
 .bss           0x0000000000000000        0x0 c:/st/stm32cubeide_1.6.1/stm32cubeide/plugins/com.st.stm32cube.ide.mcu.externaltools.gnu-tools-for-stm32.9-2020-q2-update.win32_1.5.0.202011040924/tools/bin/../lib/gcc/arm-none-eabi/9.3.1/../../../../arm-none-eabi/lib/thumb/v7-m/nofp\libc_nano.a(lib_a-impure.o)
 .data._impure_ptr
                0x0000000000000000        0x4 c:/st/stm32cubeide_1.6.1/stm32cubeide/plugins/com.st.stm32cube.ide.mcu.externaltools.gnu-tools-for-stm32.9-2020-q2-update.win32_1.5.0.202011040924/tools/bin/../lib/gcc/arm-none-eabi/9.3.1/../../../../arm-none-eabi/lib/thumb/v7-m/nofp\libc_nano.a(lib_a-impure.o)
 .data.impure_data
                0x0000000000000000       0x60 c:/st/stm32cubeide_1.6.1/stm32cubeide/plugins/com.st.stm32cube.ide.mcu.externaltools.gnu-tools-for-stm32.9-2020-q2-update.win32_1.5.0.202011040924/tools/bin/../lib/gcc/arm-none-eabi/9.3.1/../../../../arm-none-eabi/lib/thumb/v7-m/nofp\libc_nano.a(lib_a-impure.o)
 .rodata._global_impure_ptr
                0x0000000000000000        0x4 c:/st/stm32cubeide_1.6.1/stm32cubeide/plugins/com.st.stm32cube.ide.mcu.externaltools.gnu-tools-for-stm32.9-2020-q2-update.win32_1.5.0.202011040924/tools/bin/../lib/gcc/arm-none-eabi/9.3.1/../../../../arm-none-eabi/lib/thumb/v7-m/nofp\libc_nano.a(lib_a-impure.o)
 .ARM.attributes
                0x0000000000000000       0x2d c:/st/stm32cubeide_1.6.1/stm32cubeide/plugins/com.st.stm32cube.ide.mcu.externaltools.gnu-tools-for-stm32.9-2020-q2-update.win32_1.5.0.202011040924/tools/bin/../lib/gcc/arm-none-eabi/9.3.1/../../../../arm-none-eabi/lib/thumb/v7-m/nofp\libc_nano.a(lib_a-impure.o)
 .text          0x0000000000000000        0x0 c:/st/stm32cubeide_1.6.1/stm32cubeide/plugins/com.st.stm32cube.ide.mcu.externaltools.gnu-tools-for-stm32.9-2020-q2-update.win32_1.5.0.202011040924/tools/bin/../lib/gcc/arm-none-eabi/9.3.1/../../../../arm-none-eabi/lib/thumb/v7-m/nofp\libc_nano.a(lib_a-init.o)
 .data          0x0000000000000000        0x0 c:/st/stm32cubeide_1.6.1/stm32cubeide/plugins/com.st.stm32cube.ide.mcu.externaltools.gnu-tools-for-stm32.9-2020-q2-update.win32_1.5.0.202011040924/tools/bin/../lib/gcc/arm-none-eabi/9.3.1/../../../../arm-none-eabi/lib/thumb/v7-m/nofp\libc_nano.a(lib_a-init.o)
 .bss           0x0000000000000000        0x0 c:/st/stm32cubeide_1.6.1/stm32cubeide/plugins/com.st.stm32cube.ide.mcu.externaltools.gnu-tools-for-stm32.9-2020-q2-update.win32_1.5.0.202011040924/tools/bin/../lib/gcc/arm-none-eabi/9.3.1/../../../../arm-none-eabi/lib/thumb/v7-m/nofp\libc_nano.a(lib_a-init.o)
 .text          0x0000000000000000        0x0 c:/st/stm32cubeide_1.6.1/stm32cubeide/plugins/com.st.stm32cube.ide.mcu.externaltools.gnu-tools-for-stm32.9-2020-q2-update.win32_1.5.0.202011040924/tools/bin/../lib/gcc/arm-none-eabi/9.3.1/../../../../arm-none-eabi/lib/thumb/v7-m/nofp\libc_nano.a(lib_a-memset.o)
 .data          0x0000000000000000        0x0 c:/st/stm32cubeide_1.6.1/stm32cubeide/plugins/com.st.stm32cube.ide.mcu.externaltools.gnu-tools-for-stm32.9-2020-q2-update.win32_1.5.0.202011040924/tools/bin/../lib/gcc/arm-none-eabi/9.3.1/../../../../arm-none-eabi/lib/thumb/v7-m/nofp\libc_nano.a(lib_a-memset.o)
 .bss           0x0000000000000000        0x0 c:/st/stm32cubeide_1.6.1/stm32cubeide/plugins/com.st.stm32cube.ide.mcu.externaltools.gnu-tools-for-stm32.9-2020-q2-update.win32_1.5.0.202011040924/tools/bin/../lib/gcc/arm-none-eabi/9.3.1/../../../../arm-none-eabi/lib/thumb/v7-m/nofp\libc_nano.a(lib_a-memset.o)
 .text.memset   0x0000000000000000       0x10 c:/st/stm32cubeide_1.6.1/stm32cubeide/plugins/com.st.stm32cube.ide.mcu.externaltools.gnu-tools-for-stm32.9-2020-q2-update.win32_1.5.0.202011040924/tools/bin/../lib/gcc/arm-none-eabi/9.3.1/../../../../arm-none-eabi/lib/thumb/v7-m/nofp\libc_nano.a(lib_a-memset.o)
 .debug_frame   0x0000000000000000       0x20 c:/st/stm32cubeide_1.6.1/stm32cubeide/plugins/com.st.stm32cube.ide.mcu.externaltools.gnu-tools-for-stm32.9-2020-q2-update.win32_1.5.0.202011040924/tools/bin/../lib/gcc/arm-none-eabi/9.3.1/../../../../arm-none-eabi/lib/thumb/v7-m/nofp\libc_nano.a(lib_a-memset.o)
 .ARM.attributes
                0x0000000000000000       0x2d c:/st/stm32cubeide_1.6.1/stm32cubeide/plugins/com.st.stm32cube.ide.mcu.externaltools.gnu-tools-for-stm32.9-2020-q2-update.win32_1.5.0.202011040924/tools/bin/../lib/gcc/arm-none-eabi/9.3.1/../../../../arm-none-eabi/lib/thumb/v7-m/nofp\libc_nano.a(lib_a-memset.o)
 .text          0x0000000000000000        0x0 c:/st/stm32cubeide_1.6.1/stm32cubeide/plugins/com.st.stm32cube.ide.mcu.externaltools.gnu-tools-for-stm32.9-2020-q2-update.win32_1.5.0.202011040924/tools/bin/../lib/gcc/arm-none-eabi/9.3.1/../../../../arm-none-eabi/lib/thumb/v7-m/nofp\libnosys.a(_exit.o)
 .data          0x0000000000000000        0x0 c:/st/stm32cubeide_1.6.1/stm32cubeide/plugins/com.st.stm32cube.ide.mcu.externaltools.gnu-tools-for-stm32.9-2020-q2-update.win32_1.5.0.202011040924/tools/bin/../lib/gcc/arm-none-eabi/9.3.1/../../../../arm-none-eabi/lib/thumb/v7-m/nofp\libnosys.a(_exit.o)
 .bss           0x0000000000000000        0x0 c:/st/stm32cubeide_1.6.1/stm32cubeide/plugins/com.st.stm32cube.ide.mcu.externaltools.gnu-tools-for-stm32.9-2020-q2-update.win32_1.5.0.202011040924/tools/bin/../lib/gcc/arm-none-eabi/9.3.1/../../../../arm-none-eabi/lib/thumb/v7-m/nofp\libnosys.a(_exit.o)
 .text._exit    0x0000000000000000        0x2 c:/st/stm32cubeide_1.6.1/stm32cubeide/plugins/com.st.stm32cube.ide.mcu.externaltools.gnu-tools-for-stm32.9-2020-q2-update.win32_1.5.0.202011040924/tools/bin/../lib/gcc/arm-none-eabi/9.3.1/../../../../arm-none-eabi/lib/thumb/v7-m/nofp\libnosys.a(_exit.o)
 .debug_frame   0x0000000000000000       0x20 c:/st/stm32cubeide_1.6.1/stm32cubeide/plugins/com.st.stm32cube.ide.mcu.externaltools.gnu-tools-for-stm32.9-2020-q2-update.win32_1.5.0.202011040924/tools/bin/../lib/gcc/arm-none-eabi/9.3.1/../../../../arm-none-eabi/lib/thumb/v7-m/nofp\libnosys.a(_exit.o)
 .ARM.attributes
                0x0000000000000000       0x2d c:/st/stm32cubeide_1.6.1/stm32cubeide/plugins/com.st.stm32cube.ide.mcu.externaltools.gnu-tools-for-stm32.9-2020-q2-update.win32_1.5.0.202011040924/tools/bin/../lib/gcc/arm-none-eabi/9.3.1/../../../../arm-none-eabi/lib/thumb/v7-m/nofp\libnosys.a(_exit.o)
 .text          0x0000000000000000        0x0 c:/st/stm32cubeide_1.6.1/stm32cubeide/plugins/com.st.stm32cube.ide.mcu.externaltools.gnu-tools-for-stm32.9-2020-q2-update.win32_1.5.0.202011040924/tools/bin/../lib/gcc/arm-none-eabi/9.3.1/thumb/v7-m/nofp/crtend.o
 .data          0x0000000000000000        0x0 c:/st/stm32cubeide_1.6.1/stm32cubeide/plugins/com.st.stm32cube.ide.mcu.externaltools.gnu-tools-for-stm32.9-2020-q2-update.win32_1.5.0.202011040924/tools/bin/../lib/gcc/arm-none-eabi/9.3.1/thumb/v7-m/nofp/crtend.o
 .bss           0x0000000000000000        0x0 c:/st/stm32cubeide_1.6.1/stm32cubeide/plugins/com.st.stm32cube.ide.mcu.externaltools.gnu-tools-for-stm32.9-2020-q2-update.win32_1.5.0.202011040924/tools/bin/../lib/gcc/arm-none-eabi/9.3.1/thumb/v7-m/nofp/crtend.o
 .eh_frame      0x0000000000000000        0x4 c:/st/stm32cubeide_1.6.1/stm32cubeide/plugins/com.st.stm32cube.ide.mcu.externaltools.gnu-tools-for-stm32.9-2020-q2-update.win32_1.5.0.202011040924/tools/bin/../lib/gcc/arm-none-eabi/9.3.1/thumb/v7-m/nofp/crtend.o
 .ARM.attributes
                0x0000000000000000       0x2d c:/st/stm32cubeide_1.6.1/stm32cubeide/plugins/com.st.stm32cube.ide.mcu.externaltools.gnu-tools-for-stm32.9-2020-q2-update.win32_1.5.0.202011040924/tools/bin/../lib/gcc/arm-none-eabi/9.3.1/thumb/v7-m/nofp/crtend.o
 .text          0x0000000000000000        0x0 c:/st/stm32cubeide_1.6.1/stm32cubeide/plugins/com.st.stm32cube.ide.mcu.externaltools.gnu-tools-for-stm32.9-2020-q2-update.win32_1.5.0.202011040924/tools/bin/../lib/gcc/arm-none-eabi/9.3.1/thumb/v7-m/nofp/crtn.o
 .data          0x0000000000000000        0x0 c:/st/stm32cubeide_1.6.1/stm32cubeide/plugins/com.st.stm32cube.ide.mcu.externaltools.gnu-tools-for-stm32.9-2020-q2-update.win32_1.5.0.202011040924/tools/bin/../lib/gcc/arm-none-eabi/9.3.1/thumb/v7-m/nofp/crtn.o
 .bss           0x0000000000000000        0x0 c:/st/stm32cubeide_1.6.1/stm32cubeide/plugins/com.st.stm32cube.ide.mcu.externaltools.gnu-tools-for-stm32.9-2020-q2-update.win32_1.5.0.202011040924/tools/bin/../lib/gcc/arm-none-eabi/9.3.1/thumb/v7-m/nofp/crtn.o

Memory Configuration

Name             Origin             Length             Attributes
RAM              0x0000000020000000 0x0000000000002800 xrw
FLASH            0x0000000008000000 0x0000000000008000 xr
*default*        0x0000000000000000 0xffffffffffffffff

Linker script and memory map

LOAD c:/st/stm32cubeide_1.6.1/stm32cubeide/plugins/com.st.stm32cube.ide.mcu.externaltools.gnu-tools-for-stm32.9-2020-q2-update.win32_1.5.0.202011040924/tools/bin/../lib/gcc/arm-none-eabi/9.3.1/thumb/v7-m/nofp/crti.o
LOAD c:/st/stm32cubeide_1.6.1/stm32cubeide/plugins/com.st.stm32cube.ide.mcu.externaltools.gnu-tools-for-stm32.9-2020-q2-update.win32_1.5.0.202011040924/tools/bin/../lib/gcc/arm-none-eabi/9.3.1/thumb/v7-m/nofp/crtbegin.o
LOAD c:/st/stm32cubeide_1.6.1/stm32cubeide/plugins/com.st.stm32cube.ide.mcu.externaltools.gnu-tools-for-stm32.9-2020-q2-update.win32_1.5.0.202011040924/tools/bin/../lib/gcc/arm-none-eabi/9.3.1/../../../../arm-none-eabi/lib/thumb/v7-m/nofp/crt0.o
LOAD Applicatoin/CmmunicationOverCAN_PROG.o
LOAD MCAL/GPIO/GPIO_CONF.o
LOAD MCAL/GPIO/GPIO_Prog.o
LOAD MCAL/NVIC/NVIC_Prog.o
LOAD MCAL/RCC/RCC_Prog.o
LOAD MCAL/Systick/SYSTICK_Prog.o
LOAD MCAL/UART/UART_Prog.o
LOAD Service/Delay/Delay.o
LOAD Src/main.o
LOAD Startup/startup_stm32f103c6tx.o
START GROUP
LOAD c:/st/stm32cubeide_1.6.1/stm32cubeide/plugins/com.st.stm32cube.ide.mcu.externaltools.gnu-tools-for-stm32.9-2020-q2-update.win32_1.5.0.202011040924/tools/bin/../lib/gcc/arm-none-eabi/9.3.1/../../../../arm-none-eabi/lib/thumb/v7-m/nofp\libc_nano.a
LOAD c:/st/stm32cubeide_1.6.1/stm32cubeide/plugins/com.st.stm32cube.ide.mcu.externaltools.gnu-tools-for-stm32.9-2020-q2-update.win32_1.5.0.202011040924/tools/bin/../lib/gcc/arm-none-eabi/9.3.1/../../../../arm-none-eabi/lib/thumb/v7-m/nofp\libm.a
END GROUP
START GROUP
LOAD c:/st/stm32cubeide_1.6.1/stm32cubeide/plugins/com.st.stm32cube.ide.mcu.externaltools.gnu-tools-for-stm32.9-2020-q2-update.win32_1.5.0.202011040924/tools/bin/../lib/gcc/arm-none-eabi/9.3.1/thumb/v7-m/nofp\libgcc.a
LOAD c:/st/stm32cubeide_1.6.1/stm32cubeide/plugins/com.st.stm32cube.ide.mcu.externaltools.gnu-tools-for-stm32.9-2020-q2-update.win32_1.5.0.202011040924/tools/bin/../lib/gcc/arm-none-eabi/9.3.1/../../../../arm-none-eabi/lib/thumb/v7-m/nofp\libc_nano.a
END GROUP
START GROUP
LOAD c:/st/stm32cubeide_1.6.1/stm32cubeide/plugins/com.st.stm32cube.ide.mcu.externaltools.gnu-tools-for-stm32.9-2020-q2-update.win32_1.5.0.202011040924/tools/bin/../lib/gcc/arm-none-eabi/9.3.1/thumb/v7-m/nofp\libgcc.a
LOAD c:/st/stm32cubeide_1.6.1/stm32cubeide/plugins/com.st.stm32cube.ide.mcu.externaltools.gnu-tools-for-stm32.9-2020-q2-update.win32_1.5.0.202011040924/tools/bin/../lib/gcc/arm-none-eabi/9.3.1/../../../../arm-none-eabi/lib/thumb/v7-m/nofp\libc_nano.a
LOAD c:/st/stm32cubeide_1.6.1/stm32cubeide/plugins/com.st.stm32cube.ide.mcu.externaltools.gnu-tools-for-stm32.9-2020-q2-update.win32_1.5.0.202011040924/tools/bin/../lib/gcc/arm-none-eabi/9.3.1/../../../../arm-none-eabi/lib/thumb/v7-m/nofp\libnosys.a
END GROUP
START GROUP
LOAD c:/st/stm32cubeide_1.6.1/stm32cubeide/plugins/com.st.stm32cube.ide.mcu.externaltools.gnu-tools-for-stm32.9-2020-q2-update.win32_1.5.0.202011040924/tools/bin/../lib/gcc/arm-none-eabi/9.3.1/thumb/v7-m/nofp\libgcc.a
LOAD c:/st/stm32cubeide_1.6.1/stm32cubeide/plugins/com.st.stm32cube.ide.mcu.externaltools.gnu-tools-for-stm32.9-2020-q2-update.win32_1.5.0.202011040924/tools/bin/../lib/gcc/arm-none-eabi/9.3.1/../../../../arm-none-eabi/lib/thumb/v7-m/nofp\libc_nano.a
LOAD c:/st/stm32cubeide_1.6.1/stm32cubeide/plugins/com.st.stm32cube.ide.mcu.externaltools.gnu-tools-for-stm32.9-2020-q2-update.win32_1.5.0.202011040924/tools/bin/../lib/gcc/arm-none-eabi/9.3.1/../../../../arm-none-eabi/lib/thumb/v7-m/nofp\libnosys.a
END GROUP
LOAD c:/st/stm32cubeide_1.6.1/stm32cubeide/plugins/com.st.stm32cube.ide.mcu.externaltools.gnu-tools-for-stm32.9-2020-q2-update.win32_1.5.0.202011040924/tools/bin/../lib/gcc/arm-none-eabi/9.3.1/thumb/v7-m/nofp/crtend.o
LOAD c:/st/stm32cubeide_1.6.1/stm32cubeide/plugins/com.st.stm32cube.ide.mcu.externaltools.gnu-tools-for-stm32.9-2020-q2-update.win32_1.5.0.202011040924/tools/bin/../lib/gcc/arm-none-eabi/9.3.1/thumb/v7-m/nofp/crtn.o
                0x0000000020002800                _estack = (ORIGIN (RAM) + LENGTH (RAM))
                0x0000000000000200                _Min_Heap_Size = 0x200
                0x0000000000000400                _Min_Stack_Size = 0x400

.isr_vector     0x0000000008000000      0x130
                0x0000000008000000                . = ALIGN (0x4)
 *(.isr_vector)
 .isr_vector    0x0000000008000000      0x130 Startup/startup_stm32f103c6tx.o
                0x0000000008000000                g_pfnVectors
                0x0000000008000130                . = ALIGN (0x4)

.text           0x0000000008000130      0x7a8
                0x0000000008000130                . = ALIGN (0x4)
 *(.text)
 .text          0x0000000008000130       0x40 c:/st/stm32cubeide_1.6.1/stm32cubeide/plugins/com.st.stm32cube.ide.mcu.externaltools.gnu-tools-for-stm32.9-2020-q2-update.win32_1.5.0.202011040924/tools/bin/../lib/gcc/arm-none-eabi/9.3.1/thumb/v7-m/nofp/crtbegin.o
 *(.text*)
 .text.CommApp_voidInit
                0x0000000008000170       0x58 Applicatoin/CmmunicationOverCAN_PROG.o
                0x0000000008000170                CommApp_voidInit
 .text.CommApp_voidRunnable
                0x00000000080001c8       0x1e Applicatoin/CmmunicationOverCAN_PROG.o
                0x00000000080001c8                CommApp_voidRunnable
 *fill*         0x00000000080001e6        0x2 
 .text.CommApp_enuSerialDataCheck
                0x00000000080001e8       0x28 Applicatoin/CmmunicationOverCAN_PROG.o
                0x00000000080001e8                CommApp_enuSerialDataCheck
 .text.CommApp_enuDataSend
                0x0000000008000210       0x20 Applicatoin/CmmunicationOverCAN_PROG.o
                0x0000000008000210                CommApp_enuDataSend
 .text.CommApp_voidReadClearUartVar
                0x0000000008000230       0x24 Applicatoin/CmmunicationOverCAN_PROG.o
                0x0000000008000230                CommApp_voidReadClearUartVar
 .text.CommApp_voidUart_ISRFunction
                0x0000000008000254       0x14 Applicatoin/CmmunicationOverCAN_PROG.o
                0x0000000008000254                CommApp_voidUart_ISRFunction
 .text.GPIO_u8Init
                0x0000000008000268       0x40 MCAL/GPIO/GPIO_Prog.o
                0x0000000008000268                GPIO_u8Init
 .text.GPIO_u8SetPinD_ID
                0x00000000080002a8      0x1bc MCAL/GPIO/GPIO_Prog.o
                0x00000000080002a8                GPIO_u8SetPinD_ID
 .text.NVIC_u8Set_EN_IRQ
                0x0000000008000464       0x48 MCAL/NVIC/NVIC_Prog.o
                0x0000000008000464                NVIC_u8Set_EN_IRQ
 .text.RCC_voidInitSystemClock
                0x00000000080004ac       0x1c MCAL/RCC/RCC_Prog.o
                0x00000000080004ac                RCC_voidInitSystemClock
 .text.RCC_voidEnablePeriphralCLK
                0x00000000080004c8       0xac MCAL/RCC/RCC_Prog.o
                0x00000000080004c8                RCC_voidEnablePeriphralCLK
 .text.STK_u8StopTimer
                0x0000000008000574       0x34 MCAL/Systick/SYSTICK_Prog.o
                0x0000000008000574                STK_u8StopTimer
 .text.STK_u8DSInterrupt
                0x00000000080005a8       0x20 MCAL/Systick/SYSTICK_Prog.o
                0x00000000080005a8                STK_u8DSInterrupt
 .text.SysTick_Handler
                0x00000000080005c8       0x34 MCAL/Systick/SYSTICK_Prog.o
                0x00000000080005c8                SysTick_Handler
 .text.UART1_voidInit
                0x00000000080005fc       0x74 MCAL/UART/UART_Prog.o
                0x00000000080005fc                UART1_voidInit
 .text.UART1_u8RecieveByte
                0x0000000008000670       0x28 MCAL/UART/UART_Prog.o
                0x0000000008000670                UART1_u8RecieveByte
 .text.UART1_u8EnterruptEnRX
                0x0000000008000698       0x28 MCAL/UART/UART_Prog.o
                0x0000000008000698                UART1_u8EnterruptEnRX
 .text.UART1_u8EnterruptCallBackRX
                0x00000000080006c0       0x30 MCAL/UART/UART_Prog.o
                0x00000000080006c0                UART1_u8EnterruptCallBackRX
 .text.USART1_IRQHandler
                0x00000000080006f0       0x38 MCAL/UART/UART_Prog.o
                0x00000000080006f0                USART1_IRQHandler
 .text.UART2_voidInit
                0x0000000008000728       0x74 MCAL/UART/UART_Prog.o
                0x0000000008000728                UART2_voidInit
 .text.UART2_u8SendByteBusyw8
                0x000000000800079c       0x40 MCAL/UART/UART_Prog.o
                0x000000000800079c                UART2_u8SendByteBusyw8
 .text.USART2_IRQHandler
                0x00000000080007dc       0x38 MCAL/UART/UART_Prog.o
                0x00000000080007dc                USART2_IRQHandler
 .text.main     0x0000000008000814        0xe Src/main.o
                0x0000000008000814                main
 *fill*         0x0000000008000822        0x2 
 .text.Reset_Handler
                0x0000000008000824       0x50 Startup/startup_stm32f103c6tx.o
                0x0000000008000824                Reset_Handler
 .text.Default_Handler
                0x0000000008000874        0x2 Startup/startup_stm32f103c6tx.o
                0x0000000008000874                EXTI2_IRQHandler
                0x0000000008000874                TIM8_TRG_COM_IRQHandler
                0x0000000008000874                TIM8_CC_IRQHandler
                0x0000000008000874                DebugMon_Handler
                0x0000000008000874                TIM1_CC_IRQHandler
                0x0000000008000874                HardFault_Handler
                0x0000000008000874                TIM6_IRQHandler
                0x0000000008000874                PVD_IRQHandler
                0x0000000008000874                SDIO_IRQHandler
                0x0000000008000874                PendSV_Handler
                0x0000000008000874                NMI_Handler
                0x0000000008000874                EXTI3_IRQHandler
                0x0000000008000874                USB_HP_CAN_TX_IRQHandler
                0x0000000008000874                EXTI0_IRQHandler
                0x0000000008000874                I2C2_EV_IRQHandler
                0x0000000008000874                UsageFault_Handler
                0x0000000008000874                ADC1_2_IRQHandler
                0x0000000008000874                SPI1_IRQHandler
                0x0000000008000874                CAN_SCE_IRQHandler
                0x0000000008000874                TAMPER_IRQHandler
                0x0000000008000874                TIM8_UP_IRQHandler
                0x0000000008000874                DMA2_Channel2_IRQHandler
                0x0000000008000874                DMA1_Channel4_IRQHandler
                0x0000000008000874                USART3_IRQHandler
                0x0000000008000874                RTC_IRQHandler
                0x0000000008000874                DMA1_Channel7_IRQHandler
                0x0000000008000874                UART5_IRQHandler
                0x0000000008000874                ADC3_IRQHandler
                0x0000000008000874                TIM4_IRQHandler
                0x0000000008000874                CAN_RX1_IRQHandler
                0x0000000008000874                DMA2_Channel1_IRQHandler
                0x0000000008000874                I2C1_EV_IRQHandler
                0x0000000008000874                DMA1_Channel6_IRQHandler
                0x0000000008000874                UART4_IRQHandler
                0x0000000008000874                TIM3_IRQHandler
                0x0000000008000874                RCC_IRQHandler
                0x0000000008000874                TIM1_TRG_COM_IRQHandler
                0x0000000008000874                DMA1_Channel1_IRQHandler
                0x0000000008000874                Default_Handler
                0x0000000008000874                EXTI15_10_IRQHandler
                0x0000000008000874                TIM7_IRQHandler
                0x0000000008000874                TIM5_IRQHandler
                0x0000000008000874                EXTI9_5_IRQHandler
                0x0000000008000874                SPI2_IRQHandler
                0x0000000008000874                USB_LP_CAN_RX0_IRQHandler
                0x0000000008000874                MemManage_Handler
                0x0000000008000874                SVC_Handler
                0x0000000008000874                DMA1_Channel5_IRQHandler
                0x0000000008000874                EXTI4_IRQHandler
                0x0000000008000874                DMA1_Channel3_IRQHandler
                0x0000000008000874                FSMC_IRQHandler
                0x0000000008000874                TIM1_UP_IRQHandler
                0x0000000008000874                WWDG_IRQHandler
                0x0000000008000874                TIM2_IRQHandler
                0x0000000008000874                TIM1_BRK_IRQHandler
                0x0000000008000874                EXTI1_IRQHandler
                0x0000000008000874                RTCAlarm_IRQHandler
                0x0000000008000874                DMA2_Channel4_5_IRQHandler
                0x0000000008000874                I2C2_ER_IRQHandler
                0x0000000008000874                DMA1_Channel2_IRQHandler
                0x0000000008000874                TIM8_BRK_IRQHandler
                0x0000000008000874                FLASH_IRQHandler
                0x0000000008000874                BusFault_Handler
                0x0000000008000874                SPI3_IRQHandler
                0x0000000008000874                I2C1_ER_IRQHandler
                0x0000000008000874                DMA2_Channel3_IRQHandler
 *fill*         0x0000000008000876        0x2 
 .text.__libc_init_array
                0x0000000008000878       0x48 c:/st/stm32cubeide_1.6.1/stm32cubeide/plugins/com.st.stm32cube.ide.mcu.externaltools.gnu-tools-for-stm32.9-2020-q2-update.win32_1.5.0.202011040924/tools/bin/../lib/gcc/arm-none-eabi/9.3.1/../../../../arm-none-eabi/lib/thumb/v7-m/nofp\libc_nano.a(lib_a-init.o)
                0x0000000008000878                __libc_init_array
 *(.glue_7)
 .glue_7        0x00000000080008c0        0x0 linker stubs
 *(.glue_7t)
 .glue_7t       0x00000000080008c0        0x0 linker stubs
 *(.eh_frame)
 .eh_frame      0x00000000080008c0        0x0 c:/st/stm32cubeide_1.6.1/stm32cubeide/plugins/com.st.stm32cube.ide.mcu.externaltools.gnu-tools-for-stm32.9-2020-q2-update.win32_1.5.0.202011040924/tools/bin/../lib/gcc/arm-none-eabi/9.3.1/thumb/v7-m/nofp/crtbegin.o
 *(.init)
 .init          0x00000000080008c0        0x4 c:/st/stm32cubeide_1.6.1/stm32cubeide/plugins/com.st.stm32cube.ide.mcu.externaltools.gnu-tools-for-stm32.9-2020-q2-update.win32_1.5.0.202011040924/tools/bin/../lib/gcc/arm-none-eabi/9.3.1/thumb/v7-m/nofp/crti.o
                0x00000000080008c0                _init
 .init          0x00000000080008c4        0x8 c:/st/stm32cubeide_1.6.1/stm32cubeide/plugins/com.st.stm32cube.ide.mcu.externaltools.gnu-tools-for-stm32.9-2020-q2-update.win32_1.5.0.202011040924/tools/bin/../lib/gcc/arm-none-eabi/9.3.1/thumb/v7-m/nofp/crtn.o
 *(.fini)
 .fini          0x00000000080008cc        0x4 c:/st/stm32cubeide_1.6.1/stm32cubeide/plugins/com.st.stm32cube.ide.mcu.externaltools.gnu-tools-for-stm32.9-2020-q2-update.win32_1.5.0.202011040924/tools/bin/../lib/gcc/arm-none-eabi/9.3.1/thumb/v7-m/nofp/crti.o
                0x00000000080008cc                _fini
 .fini          0x00000000080008d0        0x8 c:/st/stm32cubeide_1.6.1/stm32cubeide/plugins/com.st.stm32cube.ide.mcu.externaltools.gnu-tools-for-stm32.9-2020-q2-update.win32_1.5.0.202011040924/tools/bin/../lib/gcc/arm-none-eabi/9.3.1/thumb/v7-m/nofp/crtn.o
                0x00000000080008d8                . = ALIGN (0x4)
                0x00000000080008d8                _etext = .

.vfp11_veneer   0x00000000080008d8        0x0
 .vfp11_veneer  0x00000000080008d8        0x0 linker stubs

.v4_bx          0x00000000080008d8        0x0
 .v4_bx         0x00000000080008d8        0x0 linker stubs

.iplt           0x00000000080008d8        0x0
 .iplt          0x00000000080008d8        0x0 c:/st/stm32cubeide_1.6.1/stm32cubeide/plugins/com.st.stm32cube.ide.mcu.externaltools.gnu-tools-for-stm32.9-2020-q2-update.win32_1.5.0.202011040924/tools/bin/../lib/gcc/arm-none-eabi/9.3.1/thumb/v7-m/nofp/crtbegin.o

.rodata         0x00000000080008d8       0x60
                0x00000000080008d8                . = ALIGN (0x4)
 *(.rodata)
 *(.rodata*)
 .rodata.GPIO_Conf_ARR
                0x00000000080008d8       0x60 MCAL/GPIO/GPIO_CONF.o
                0x00000000080008d8                GPIO_Conf_ARR
                0x0000000008000938                . = ALIGN (0x4)

.rel.dyn        0x0000000008000938        0x0
 .rel.iplt      0x0000000008000938        0x0 c:/st/stm32cubeide_1.6.1/stm32cubeide/plugins/com.st.stm32cube.ide.mcu.externaltools.gnu-tools-for-stm32.9-2020-q2-update.win32_1.5.0.202011040924/tools/bin/../lib/gcc/arm-none-eabi/9.3.1/thumb/v7-m/nofp/crtbegin.o

.ARM.extab      0x0000000008000938        0x0
                0x0000000008000938                . = ALIGN (0x4)
 *(.ARM.extab* .gnu.linkonce.armextab.*)
                0x0000000008000938                . = ALIGN (0x4)

.ARM            0x0000000008000938        0x0
                0x0000000008000938                . = ALIGN (0x4)
                0x0000000008000938                __exidx_start = .
 *(.ARM.exidx*)
                0x0000000008000938                __exidx_end = .
                0x0000000008000938                . = ALIGN (0x4)

.preinit_array  0x0000000008000938        0x0
                0x0000000008000938                . = ALIGN (0x4)
                0x0000000008000938                PROVIDE (__preinit_array_start = .)
 *(.preinit_array*)
                0x0000000008000938                PROVIDE (__preinit_array_end = .)
                0x0000000008000938                . = ALIGN (0x4)

.init_array     0x0000000008000938        0x4
                0x0000000008000938                . = ALIGN (0x4)
                0x0000000008000938                PROVIDE (__init_array_start = .)
 *(SORT_BY_NAME(.init_array.*))
 *(.init_array*)
 .init_array    0x0000000008000938        0x4 c:/st/stm32cubeide_1.6.1/stm32cubeide/plugins/com.st.stm32cube.ide.mcu.externaltools.gnu-tools-for-stm32.9-2020-q2-update.win32_1.5.0.202011040924/tools/bin/../lib/gcc/arm-none-eabi/9.3.1/thumb/v7-m/nofp/crtbegin.o
                0x000000000800093c                PROVIDE (__init_array_end = .)
                0x000000000800093c                . = ALIGN (0x4)

.fini_array     0x000000000800093c        0x4
                0x000000000800093c                . = ALIGN (0x4)
                [!provide]                        PROVIDE (__fini_array_start = .)
 *(SORT_BY_NAME(.fini_array.*))
 *(.fini_array*)
 .fini_array    0x000000000800093c        0x4 c:/st/stm32cubeide_1.6.1/stm32cubeide/plugins/com.st.stm32cube.ide.mcu.externaltools.gnu-tools-for-stm32.9-2020-q2-update.win32_1.5.0.202011040924/tools/bin/../lib/gcc/arm-none-eabi/9.3.1/thumb/v7-m/nofp/crtbegin.o
                [!provide]                        PROVIDE (__fini_array_end = .)
                0x0000000008000940                . = ALIGN (0x4)
                0x0000000008000940                _sidata = LOADADDR (.data)

.data           0x0000000020000000        0x0 load address 0x0000000008000940
                0x0000000020000000                . = ALIGN (0x4)
                0x0000000020000000                _sdata = .
 *(.data)
 *(.data*)
 *(.RamFunc)
 *(.RamFunc*)
                0x0000000020000000                . = ALIGN (0x4)
                0x0000000020000000                _edata = .

.igot.plt       0x0000000020000000        0x0 load address 0x0000000008000940
 .igot.plt      0x0000000020000000        0x0 c:/st/stm32cubeide_1.6.1/stm32cubeide/plugins/com.st.stm32cube.ide.mcu.externaltools.gnu-tools-for-stm32.9-2020-q2-update.win32_1.5.0.202011040924/tools/bin/../lib/gcc/arm-none-eabi/9.3.1/thumb/v7-m/nofp/crtbegin.o
                0x0000000020000000                . = ALIGN (0x4)

.bss            0x0000000020000000       0x30 load address 0x0000000008000940
                0x0000000020000000                _sbss = .
                0x0000000020000000                __bss_start__ = _sbss
 *(.bss)
 .bss           0x0000000020000000       0x1c c:/st/stm32cubeide_1.6.1/stm32cubeide/plugins/com.st.stm32cube.ide.mcu.externaltools.gnu-tools-for-stm32.9-2020-q2-update.win32_1.5.0.202011040924/tools/bin/../lib/gcc/arm-none-eabi/9.3.1/thumb/v7-m/nofp/crtbegin.o
 *(.bss*)
 .bss.Global_UartDataRecive
                0x000000002000001c        0x1 Applicatoin/CmmunicationOverCAN_PROG.o
 *fill*         0x000000002000001d        0x3 
 .bss.STK_PtrCallBack
                0x0000000020000020        0x4 MCAL/Systick/SYSTICK_Prog.o
 .bss.STK_CHAECK_PERODIC
                0x0000000020000024        0x1 MCAL/Systick/SYSTICK_Prog.o
 .bss.STK_ProtectionFlage
                0x0000000020000025        0x1 MCAL/Systick/SYSTICK_Prog.o
 *fill*         0x0000000020000026        0x2 
 .bss.GlobalRX  0x0000000020000028        0x4 MCAL/UART/UART_Prog.o
 .bss.GlobalRX_UART2
                0x000000002000002c        0x4 MCAL/UART/UART_Prog.o
 *(COMMON)
                0x0000000020000030                . = ALIGN (0x4)
                0x0000000020000030                _ebss = .
                0x0000000020000030                __bss_end__ = _ebss

._user_heap_stack
                0x0000000020000030      0x600 load address 0x0000000008000940
                0x0000000020000030                . = ALIGN (0x8)
                [!provide]                        PROVIDE (end = .)
                [!provide]                        PROVIDE (_end = .)
                0x0000000020000230                . = (. + _Min_Heap_Size)
 *fill*         0x0000000020000030      0x200 
                0x0000000020000630                . = (. + _Min_Stack_Size)
 *fill*         0x0000000020000230      0x400 
                0x0000000020000630                . = ALIGN (0x8)

/DISCARD/
 libc.a(*)
 libm.a(*)
 libgcc.a(*)

.ARM.attributes
                0x0000000000000000       0x29
 *(.ARM.attributes)
 .ARM.attributes
                0x0000000000000000       0x1d c:/st/stm32cubeide_1.6.1/stm32cubeide/plugins/com.st.stm32cube.ide.mcu.externaltools.gnu-tools-for-stm32.9-2020-q2-update.win32_1.5.0.202011040924/tools/bin/../lib/gcc/arm-none-eabi/9.3.1/thumb/v7-m/nofp/crti.o
 .ARM.attributes
                0x000000000000001d       0x2d c:/st/stm32cubeide_1.6.1/stm32cubeide/plugins/com.st.stm32cube.ide.mcu.externaltools.gnu-tools-for-stm32.9-2020-q2-update.win32_1.5.0.202011040924/tools/bin/../lib/gcc/arm-none-eabi/9.3.1/thumb/v7-m/nofp/crtbegin.o
 .ARM.attributes
                0x000000000000004a       0x2d Applicatoin/CmmunicationOverCAN_PROG.o
 .ARM.attributes
                0x0000000000000077       0x33 MCAL/GPIO/GPIO_CONF.o
 .ARM.attributes
                0x00000000000000aa       0x2d MCAL/GPIO/GPIO_Prog.o
 .ARM.attributes
                0x00000000000000d7       0x2d MCAL/NVIC/NVIC_Prog.o
 .ARM.attributes
                0x0000000000000104       0x2d MCAL/RCC/RCC_Prog.o
 .ARM.attributes
                0x0000000000000131       0x2d MCAL/Systick/SYSTICK_Prog.o
 .ARM.attributes
                0x000000000000015e       0x2d MCAL/UART/UART_Prog.o
 .ARM.attributes
                0x000000000000018b       0x2d Src/main.o
 .ARM.attributes
                0x00000000000001b8       0x21 Startup/startup_stm32f103c6tx.o
 .ARM.attributes
                0x00000000000001d9       0x2d c:/st/stm32cubeide_1.6.1/stm32cubeide/plugins/com.st.stm32cube.ide.mcu.externaltools.gnu-tools-for-stm32.9-2020-q2-update.win32_1.5.0.202011040924/tools/bin/../lib/gcc/arm-none-eabi/9.3.1/../../../../arm-none-eabi/lib/thumb/v7-m/nofp\libc_nano.a(lib_a-init.o)
 .ARM.attributes
                0x0000000000000206       0x1d c:/st/stm32cubeide_1.6.1/stm32cubeide/plugins/com.st.stm32cube.ide.mcu.externaltools.gnu-tools-for-stm32.9-2020-q2-update.win32_1.5.0.202011040924/tools/bin/../lib/gcc/arm-none-eabi/9.3.1/thumb/v7-m/nofp/crtn.o
OUTPUT(CommucationOverCAN.elf elf32-littlearm)
LOAD linker stubs
LOAD c:/st/stm32cubeide_1.6.1/stm32cubeide/plugins/com.st.stm32cube.ide.mcu.externaltools.gnu-tools-for-stm32.9-2020-q2-update.win32_1.5.0.202011040924/tools/bin/../lib/gcc/arm-none-eabi/9.3.1/../../../../arm-none-eabi/lib/thumb/v7-m/nofp\libc.a
LOAD c:/st/stm32cubeide_1.6.1/stm32cubeide/plugins/com.st.stm32cube.ide.mcu.externaltools.gnu-tools-for-stm32.9-2020-q2-update.win32_1.5.0.202011040924/tools/bin/../lib/gcc/arm-none-eabi/9.3.1/../../../../arm-none-eabi/lib/thumb/v7-m/nofp\libm.a
LOAD c:/st/stm32cubeide_1.6.1/stm32cubeide/plugins/com.st.stm32cube.ide.mcu.externaltools.gnu-tools-for-stm32.9-2020-q2-update.win32_1.5.0.202011040924/tools/bin/../lib/gcc/arm-none-eabi/9.3.1/thumb/v7-m/nofp\libgcc.a

.debug_info     0x0000000000000000     0x263c
 .debug_info    0x0000000000000000      0x459 Applicatoin/CmmunicationOverCAN_PROG.o
 .debug_info    0x0000000000000459      0x209 MCAL/GPIO/GPIO_CONF.o
 .debug_info    0x0000000000000662      0x755 MCAL/GPIO/GPIO_Prog.o
 .debug_info    0x0000000000000db7      0x6f2 MCAL/NVIC/NVIC_Prog.o
 .debug_info    0x00000000000014a9      0x3c8 MCAL/RCC/RCC_Prog.o
 .debug_info    0x0000000000001871      0x3a8 MCAL/Systick/SYSTICK_Prog.o
 .debug_info    0x0000000000001c19      0x982 MCAL/UART/UART_Prog.o
 .debug_info    0x000000000000259b       0x7f Src/main.o
 .debug_info    0x000000000000261a       0x22 Startup/startup_stm32f103c6tx.o

.debug_abbrev   0x0000000000000000      0x967
 .debug_abbrev  0x0000000000000000      0x136 Applicatoin/CmmunicationOverCAN_PROG.o
 .debug_abbrev  0x0000000000000136       0xa4 MCAL/GPIO/GPIO_CONF.o
 .debug_abbrev  0x00000000000001da      0x156 MCAL/GPIO/GPIO_Prog.o
 .debug_abbrev  0x0000000000000330      0x132 MCAL/NVIC/NVIC_Prog.o
 .debug_abbrev  0x0000000000000462       0xe8 MCAL/RCC/RCC_Prog.o
 .debug_abbrev  0x000000000000054a      0x148 MCAL/Systick/SYSTICK_Prog.o
 .debug_abbrev  0x0000000000000692      0x27c MCAL/UART/UART_Prog.o
 .debug_abbrev  0x000000000000090e       0x47 Src/main.o
 .debug_abbrev  0x0000000000000955       0x12 Startup/startup_stm32f103c6tx.o

.debug_aranges  0x0000000000000000      0x368
 .debug_aranges
                0x0000000000000000       0x58 Applicatoin/CmmunicationOverCAN_PROG.o
 .debug_aranges
                0x0000000000000058       0x18 MCAL/GPIO/GPIO_CONF.o
 .debug_aranges
                0x0000000000000070       0x80 MCAL/GPIO/GPIO_Prog.o
 .debug_aranges
                0x00000000000000f0       0x50 MCAL/NVIC/NVIC_Prog.o
 .debug_aranges
                0x0000000000000140       0x38 MCAL/RCC/RCC_Prog.o
 .debug_aranges
                0x0000000000000178       0x80 MCAL/Systick/SYSTICK_Prog.o
 .debug_aranges
                0x00000000000001f8      0x128 MCAL/UART/UART_Prog.o
 .debug_aranges
                0x0000000000000320       0x20 Src/main.o
 .debug_aranges
                0x0000000000000340       0x28 Startup/startup_stm32f103c6tx.o

.debug_ranges   0x0000000000000000      0x2d8
 .debug_ranges  0x0000000000000000       0x48 Applicatoin/CmmunicationOverCAN_PROG.o
 .debug_ranges  0x0000000000000048       0x70 MCAL/GPIO/GPIO_Prog.o
 .debug_ranges  0x00000000000000b8       0x40 MCAL/NVIC/NVIC_Prog.o
 .debug_ranges  0x00000000000000f8       0x28 MCAL/RCC/RCC_Prog.o
 .debug_ranges  0x0000000000000120       0x70 MCAL/Systick/SYSTICK_Prog.o
 .debug_ranges  0x0000000000000190      0x118 MCAL/UART/UART_Prog.o
 .debug_ranges  0x00000000000002a8       0x10 Src/main.o
 .debug_ranges  0x00000000000002b8       0x20 Startup/startup_stm32f103c6tx.o

.debug_macro    0x0000000000000000     0x1169
 .debug_macro   0x0000000000000000       0x67 Applicatoin/CmmunicationOverCAN_PROG.o
 .debug_macro   0x0000000000000067      0xaa2 Applicatoin/CmmunicationOverCAN_PROG.o
 .debug_macro   0x0000000000000b09       0x28 Applicatoin/CmmunicationOverCAN_PROG.o
 .debug_macro   0x0000000000000b31       0x22 Applicatoin/CmmunicationOverCAN_PROG.o
 .debug_macro   0x0000000000000b53       0xfa Applicatoin/CmmunicationOverCAN_PROG.o
 .debug_macro   0x0000000000000c4d       0x22 Applicatoin/CmmunicationOverCAN_PROG.o
 .debug_macro   0x0000000000000c6f       0x2d MCAL/GPIO/GPIO_CONF.o
 .debug_macro   0x0000000000000c9c       0x28 MCAL/GPIO/GPIO_CONF.o
 .debug_macro   0x0000000000000cc4       0x48 MCAL/GPIO/GPIO_Prog.o
 .debug_macro   0x0000000000000d0c       0x40 MCAL/GPIO/GPIO_Prog.o
 .debug_macro   0x0000000000000d4c      0x1a9 MCAL/GPIO/GPIO_Prog.o
 .debug_macro   0x0000000000000ef5       0x28 MCAL/GPIO/GPIO_Prog.o
 .debug_macro   0x0000000000000f1d       0x49 MCAL/NVIC/NVIC_Prog.o
 .debug_macro   0x0000000000000f66       0x22 MCAL/NVIC/NVIC_Prog.o
 .debug_macro   0x0000000000000f88       0x47 MCAL/RCC/RCC_Prog.o
 .debug_macro   0x0000000000000fcf       0x34 MCAL/RCC/RCC_Prog.o
 .debug_macro   0x0000000000001003       0x10 MCAL/RCC/RCC_Prog.o
 .debug_macro   0x0000000000001013       0x47 MCAL/Systick/SYSTICK_Prog.o
 .debug_macro   0x000000000000105a       0x10 MCAL/Systick/SYSTICK_Prog.o
 .debug_macro   0x000000000000106a       0x16 MCAL/Systick/SYSTICK_Prog.o
 .debug_macro   0x0000000000001080       0x10 MCAL/Systick/SYSTICK_Prog.o
 .debug_macro   0x0000000000001090       0x47 MCAL/UART/UART_Prog.o
 .debug_macro   0x00000000000010d7       0x16 MCAL/UART/UART_Prog.o
 .debug_macro   0x00000000000010ed       0x58 MCAL/UART/UART_Prog.o
 .debug_macro   0x0000000000001145       0x24 Src/main.o

.debug_line     0x0000000000000000     0x1b40
 .debug_line    0x0000000000000000      0x380 Applicatoin/CmmunicationOverCAN_PROG.o
 .debug_line    0x0000000000000380       0xab MCAL/GPIO/GPIO_CONF.o
 .debug_line    0x000000000000042b      0x732 MCAL/GPIO/GPIO_Prog.o
 .debug_line    0x0000000000000b5d      0x229 MCAL/NVIC/NVIC_Prog.o
 .debug_line    0x0000000000000d86      0x19d MCAL/RCC/RCC_Prog.o
 .debug_line    0x0000000000000f23      0x312 MCAL/Systick/SYSTICK_Prog.o
 .debug_line    0x0000000000001235      0x78d MCAL/UART/UART_Prog.o
 .debug_line    0x00000000000019c2       0xfa Src/main.o
 .debug_line    0x0000000000001abc       0x84 Startup/startup_stm32f103c6tx.o

.debug_str      0x0000000000000000     0x546b
 .debug_str     0x0000000000000000     0x39f0 Applicatoin/CmmunicationOverCAN_PROG.o
                                       0x3a74 (size before relaxing)
 .debug_str     0x00000000000039f0      0x1d3 MCAL/GPIO/GPIO_CONF.o
                                       0x334d (size before relaxing)
 .debug_str     0x0000000000003bc3      0xb77 MCAL/GPIO/GPIO_Prog.o
                                       0x3ebf (size before relaxing)
 .debug_str     0x000000000000473a      0x2fd MCAL/NVIC/NVIC_Prog.o
                                       0x3eb1 (size before relaxing)
 .debug_str     0x0000000000004a37      0x274 MCAL/RCC/RCC_Prog.o
                                       0x3c3c (size before relaxing)
 .debug_str     0x0000000000004cab      0x239 MCAL/Systick/SYSTICK_Prog.o
                                       0x3989 (size before relaxing)
 .debug_str     0x0000000000004ee4      0x543 MCAL/UART/UART_Prog.o
                                       0x3cf7 (size before relaxing)
 .debug_str     0x0000000000005427       0x13 Src/main.o
                                       0x2e6e (size before relaxing)
 .debug_str     0x000000000000543a       0x31 Startup/startup_stm32f103c6tx.o
                                         0x6e (size before relaxing)

.comment        0x0000000000000000       0x53
 .comment       0x0000000000000000       0x53 Applicatoin/CmmunicationOverCAN_PROG.o
                                         0x54 (size before relaxing)
 .comment       0x0000000000000053       0x54 MCAL/GPIO/GPIO_CONF.o
 .comment       0x0000000000000053       0x54 MCAL/GPIO/GPIO_Prog.o
 .comment       0x0000000000000053       0x54 MCAL/NVIC/NVIC_Prog.o
 .comment       0x0000000000000053       0x54 MCAL/RCC/RCC_Prog.o
 .comment       0x0000000000000053       0x54 MCAL/Systick/SYSTICK_Prog.o
 .comment       0x0000000000000053       0x54 MCAL/UART/UART_Prog.o
 .comment       0x0000000000000053       0x54 Src/main.o

.debug_frame    0x0000000000000000      0xc2c
 .debug_frame   0x0000000000000000      0x118 Applicatoin/CmmunicationOverCAN_PROG.o
 .debug_frame   0x0000000000000118      0x214 MCAL/GPIO/GPIO_Prog.o
 .debug_frame   0x000000000000032c      0x120 MCAL/NVIC/NVIC_Prog.o
 .debug_frame   0x000000000000044c       0xa8 MCAL/RCC/RCC_Prog.o
 .debug_frame   0x00000000000004f4      0x1dc MCAL/Systick/SYSTICK_Prog.o
 .debug_frame   0x00000000000006d0      0x504 MCAL/UART/UART_Prog.o
 .debug_frame   0x0000000000000bd4       0x2c Src/main.o
 .debug_frame   0x0000000000000c00       0x2c c:/st/stm32cubeide_1.6.1/stm32cubeide/plugins/com.st.stm32cube.ide.mcu.externaltools.gnu-tools-for-stm32.9-2020-q2-update.win32_1.5.0.202011040924/tools/bin/../lib/gcc/arm-none-eabi/9.3.1/../../../../arm-none-eabi/lib/thumb/v7-m/nofp\libc_nano.a(lib_a-init.o)
