Archive member included to satisfy reference by file (symbol)

c:/st/stm32cubeide_1.6.1/stm32cubeide/plugins/com.st.stm32cube.ide.mcu.externaltools.gnu-tools-for-stm32.9-2020-q2-update.win32_1.5.0.202011040924/tools/bin/../lib/gcc/arm-none-eabi/9.3.1/../../../../arm-none-eabi/lib/thumb/v7-m/nofp\libc_nano.a(lib_a-exit.o)
                              c:/st/stm32cubeide_1.6.1/stm32cubeide/plugins/com.st.stm32cube.ide.mcu.externaltools.gnu-tools-for-stm32.9-2020-q2-update.win32_1.5.0.202011040924/tools/bin/../lib/gcc/arm-none-eabi/9.3.1/../../../../arm-none-eabi/lib/thumb/v7-m/nofp/crt0.o (exit)
c:/st/stm32cubeide_1.6.1/stm32cubeide/plugins/com.st.stm32cube.ide.mcu.externaltools.gnu-tools-for-stm32.9-2020-q2-update.win32_1.5.0.202011040924/tools/bin/../lib/gcc/arm-none-eabi/9.3.1/../../../../arm-none-eabi/lib/thumb/v7-m/nofp\libc_nano.a(lib_a-impure.o)
                              c:/st/stm32cubeide_1.6.1/stm32cubeide/plugins/com.st.stm32cube.ide.mcu.externaltools.gnu-tools-for-stm32.9-2020-q2-update.win32_1.5.0.202011040924/tools/bin/../lib/gcc/arm-none-eabi/9.3.1/../../../../arm-none-eabi/lib/thumb/v7-m/nofp\libc_nano.a(lib_a-exit.o) (_global_impure_ptr)
c:/st/stm32cubeide_1.6.1/stm32cubeide/plugins/com.st.stm32cube.ide.mcu.externaltools.gnu-tools-for-stm32.9-2020-q2-update.win32_1.5.0.202011040924/tools/bin/../lib/gcc/arm-none-eabi/9.3.1/../../../../arm-none-eabi/lib/thumb/v7-m/nofp\libc_nano.a(lib_a-init.o)
                              c:/st/stm32cubeide_1.6.1/stm32cubeide/plugins/com.st.stm32cube.ide.mcu.externaltools.gnu-tools-for-stm32.9-2020-q2-update.win32_1.5.0.202011040924/tools/bin/../lib/gcc/arm-none-eabi/9.3.1/../../../../arm-none-eabi/lib/thumb/v7-m/nofp/crt0.o (__libc_init_array)
c:/st/stm32cubeide_1.6.1/stm32cubeide/plugins/com.st.stm32cube.ide.mcu.externaltools.gnu-tools-for-stm32.9-2020-q2-update.win32_1.5.0.202011040924/tools/bin/../lib/gcc/arm-none-eabi/9.3.1/../../../../arm-none-eabi/lib/thumb/v7-m/nofp\libc_nano.a(lib_a-memset.o)
                              c:/st/stm32cubeide_1.6.1/stm32cubeide/plugins/com.st.stm32cube.ide.mcu.externaltools.gnu-tools-for-stm32.9-2020-q2-update.win32_1.5.0.202011040924/tools/bin/../lib/gcc/arm-none-eabi/9.3.1/../../../../arm-none-eabi/lib/thumb/v7-m/nofp/crt0.o (memset)
c:/st/stm32cubeide_1.6.1/stm32cubeide/plugins/com.st.stm32cube.ide.mcu.externaltools.gnu-tools-for-stm32.9-2020-q2-update.win32_1.5.0.202011040924/tools/bin/../lib/gcc/arm-none-eabi/9.3.1/../../../../arm-none-eabi/lib/thumb/v7-m/nofp\libnosys.a(_exit.o)
                              c:/st/stm32cubeide_1.6.1/stm32cubeide/plugins/com.st.stm32cube.ide.mcu.externaltools.gnu-tools-for-stm32.9-2020-q2-update.win32_1.5.0.202011040924/tools/bin/../lib/gcc/arm-none-eabi/9.3.1/../../../../arm-none-eabi/lib/thumb/v7-m/nofp\libc_nano.a(lib_a-exit.o) (_exit)

Discarded input sections

 .text          0x0000000000000000        0x0 c:/st/stm32cubeide_1.6.1/stm32cubeide/plugins/com.st.stm32cube.ide.mcu.externaltools.gnu-tools-for-stm32.9-2020-q2-update.win32_1.5.0.202011040924/tools/bin/../lib/gcc/arm-none-eabi/9.3.1/thumb/v7-m/nofp/crti.o
 .data          0x0000000000000000        0x0 c:/st/stm32cubeide_1.6.1/stm32cubeide/plugins/com.st.stm32cube.ide.mcu.externaltools.gnu-tools-for-stm32.9-2020-q2-update.win32_1.5.0.202011040924/tools/bin/../lib/gcc/arm-none-eabi/9.3.1/thumb/v7-m/nofp/crti.o
 .bss           0x0000000000000000        0x0 c:/st/stm32cubeide_1.6.1/stm32cubeide/plugins/com.st.stm32cube.ide.mcu.externaltools.gnu-tools-for-stm32.9-2020-q2-update.win32_1.5.0.202011040924/tools/bin/../lib/gcc/arm-none-eabi/9.3.1/thumb/v7-m/nofp/crti.o
 .data          0x0000000000000000        0x4 c:/st/stm32cubeide_1.6.1/stm32cubeide/plugins/com.st.stm32cube.ide.mcu.externaltools.gnu-tools-for-stm32.9-2020-q2-update.win32_1.5.0.202011040924/tools/bin/../lib/gcc/arm-none-eabi/9.3.1/thumb/v7-m/nofp/crtbegin.o
 .text          0x0000000000000000       0x7c c:/st/stm32cubeide_1.6.1/stm32cubeide/plugins/com.st.stm32cube.ide.mcu.externaltools.gnu-tools-for-stm32.9-2020-q2-update.win32_1.5.0.202011040924/tools/bin/../lib/gcc/arm-none-eabi/9.3.1/../../../../arm-none-eabi/lib/thumb/v7-m/nofp/crt0.o
 .data          0x0000000000000000        0x0 c:/st/stm32cubeide_1.6.1/stm32cubeide/plugins/com.st.stm32cube.ide.mcu.externaltools.gnu-tools-for-stm32.9-2020-q2-update.win32_1.5.0.202011040924/tools/bin/../lib/gcc/arm-none-eabi/9.3.1/../../../../arm-none-eabi/lib/thumb/v7-m/nofp/crt0.o
 .bss           0x0000000000000000        0x0 c:/st/stm32cubeide_1.6.1/stm32cubeide/plugins/com.st.stm32cube.ide.mcu.externaltools.gnu-tools-for-stm32.9-2020-q2-update.win32_1.5.0.202011040924/tools/bin/../lib/gcc/arm-none-eabi/9.3.1/../../../../arm-none-eabi/lib/thumb/v7-m/nofp/crt0.o
 .ARM.extab     0x0000000000000000        0x0 c:/st/stm32cubeide_1.6.1/stm32cubeide/plugins/com.st.stm32cube.ide.mcu.externaltools.gnu-tools-for-stm32.9-2020-q2-update.win32_1.5.0.202011040924/tools/bin/../lib/gcc/arm-none-eabi/9.3.1/../../../../arm-none-eabi/lib/thumb/v7-m/nofp/crt0.o
 .ARM.exidx     0x0000000000000000       0x10 c:/st/stm32cubeide_1.6.1/stm32cubeide/plugins/com.st.stm32cube.ide.mcu.externaltools.gnu-tools-for-stm32.9-2020-q2-update.win32_1.5.0.202011040924/tools/bin/../lib/gcc/arm-none-eabi/9.3.1/../../../../arm-none-eabi/lib/thumb/v7-m/nofp/crt0.o
 .ARM.attributes
                0x0000000000000000       0x1b c:/st/stm32cubeide_1.6.1/stm32cubeide/plugins/com.st.stm32cube.ide.mcu.externaltools.gnu-tools-for-stm32.9-2020-q2-update.win32_1.5.0.202011040924/tools/bin/../lib/gcc/arm-none-eabi/9.3.1/../../../../arm-none-eabi/lib/thumb/v7-m/nofp/crt0.o
 .group         0x0000000000000000        0xc Applicatoin/CmmunicationOverCAN_PROG.o
 .group         0x0000000000000000        0xc Applicatoin/CmmunicationOverCAN_PROG.o
 .group         0x0000000000000000        0xc Applicatoin/CmmunicationOverCAN_PROG.o
 .group         0x0000000000000000        0xc Applicatoin/CmmunicationOverCAN_PROG.o
 .group         0x0000000000000000        0xc Applicatoin/CmmunicationOverCAN_PROG.o
 .group         0x0000000000000000        0xc Applicatoin/CmmunicationOverCAN_PROG.o
 .group         0x0000000000000000        0xc Applicatoin/CmmunicationOverCAN_PROG.o
 .group         0x0000000000000000        0xc Applicatoin/CmmunicationOverCAN_PROG.o
 .group         0x0000000000000000        0xc Applicatoin/CmmunicationOverCAN_PROG.o
 .group         0x0000000000000000        0xc Applicatoin/CmmunicationOverCAN_PROG.o
 .group         0x0000000000000000        0xc Applicatoin/CmmunicationOverCAN_PROG.o
 .group         0x0000000000000000        0xc Applicatoin/CmmunicationOverCAN_PROG.o
 .group         0x0000000000000000        0xc Applicatoin/CmmunicationOverCAN_PROG.o
 .group         0x0000000000000000        0xc Applicatoin/CmmunicationOverCAN_PROG.o
 .group         0x0000000000000000        0xc Applicatoin/CmmunicationOverCAN_PROG.o
 .group         0x0000000000000000        0xc Applicatoin/CmmunicationOverCAN_PROG.o
 .group         0x0000000000000000        0xc Applicatoin/CmmunicationOverCAN_PROG.o
 .group         0x0000000000000000        0xc Applicatoin/CmmunicationOverCAN_PROG.o
 .group         0x0000000000000000        0xc Applicatoin/CmmunicationOverCAN_PROG.o
 .group         0x0000000000000000        0xc Applicatoin/CmmunicationOverCAN_PROG.o
 .group         0x0000000000000000        0xc Applicatoin/CmmunicationOverCAN_PROG.o
 .group         0x0000000000000000        0xc Applicatoin/CmmunicationOverCAN_PROG.o
 .group         0x0000000000000000        0xc Applicatoin/CmmunicationOverCAN_PROG.o
 .group         0x0000000000000000        0xc Applicatoin/CmmunicationOverCAN_PROG.o
 .group         0x0000000000000000        0xc Applicatoin/CmmunicationOverCAN_PROG.o
 .group         0x0000000000000000        0xc Applicatoin/CmmunicationOverCAN_PROG.o
 .group         0x0000000000000000        0xc Applicatoin/CmmunicationOverCAN_PROG.o
 .group         0x0000000000000000        0xc Applicatoin/CmmunicationOverCAN_PROG.o
 .group         0x0000000000000000        0xc Applicatoin/CmmunicationOverCAN_PROG.o
 .group         0x0000000000000000        0xc Applicatoin/CmmunicationOverCAN_PROG.o
 .group         0x0000000000000000        0xc Applicatoin/CmmunicationOverCAN_PROG.o
 .group         0x0000000000000000        0xc Applicatoin/CmmunicationOverCAN_PROG.o
 .group         0x0000000000000000        0xc Applicatoin/CmmunicationOverCAN_PROG.o
 .group         0x0000000000000000        0xc Applicatoin/CmmunicationOverCAN_PROG.o
 .group         0x0000000000000000        0xc Applicatoin/CmmunicationOverCAN_PROG.o
 .group         0x0000000000000000        0xc Applicatoin/CmmunicationOverCAN_PROG.o
 .group         0x0000000000000000        0xc Applicatoin/CmmunicationOverCAN_PROG.o
 .group         0x0000000000000000        0xc Applicatoin/CmmunicationOverCAN_PROG.o
 .text          0x0000000000000000        0x0 Applicatoin/CmmunicationOverCAN_PROG.o
 .data          0x0000000000000000        0x0 Applicatoin/CmmunicationOverCAN_PROG.o
 .bss           0x0000000000000000        0x0 Applicatoin/CmmunicationOverCAN_PROG.o
 .text.CommApp_voidClearUartVar
                0x0000000000000000       0x18 Applicatoin/CmmunicationOverCAN_PROG.o
 .text.CommApp_voidReadUartVar
                0x0000000000000000       0x18 Applicatoin/CmmunicationOverCAN_PROG.o
 .group         0x0000000000000000        0xc MCAL/CAN/CAN_program.o
 .group         0x0000000000000000        0xc MCAL/CAN/CAN_program.o
 .group         0x0000000000000000        0xc MCAL/CAN/CAN_program.o
 .group         0x0000000000000000        0xc MCAL/CAN/CAN_program.o
 .group         0x0000000000000000        0xc MCAL/CAN/CAN_program.o
 .group         0x0000000000000000        0xc MCAL/CAN/CAN_program.o
 .group         0x0000000000000000        0xc MCAL/CAN/CAN_program.o
 .text          0x0000000000000000        0x0 MCAL/CAN/CAN_program.o
 .data          0x0000000000000000        0x0 MCAL/CAN/CAN_program.o
 .bss           0x0000000000000000        0x0 MCAL/CAN/CAN_program.o
 .rodata.CAN_bitRateConfig
                0x0000000000000000       0x15 MCAL/CAN/CAN_program.o
 .bss.CAN_ErrorCode
                0x0000000000000000        0x4 MCAL/CAN/CAN_program.o
 .data.CAN_TxMailboxCompleteCallback
                0x0000000000000000        0xc MCAL/CAN/CAN_program.o
 .data.CAN_TxMailboxAbortCallback
                0x0000000000000000        0xc MCAL/CAN/CAN_program.o
 .text.CAN_voidGetRxMsg
                0x0000000000000000      0x154 MCAL/CAN/CAN_program.o
 .text.CAN_voidRXPending
                0x0000000000000000       0x38 MCAL/CAN/CAN_program.o
 .text.CAN_voidGetErrorCode
                0x0000000000000000       0x14 MCAL/CAN/CAN_program.o
 .text.CAN_voidTX_Interrupt_Handler
                0x0000000000000000      0x158 MCAL/CAN/CAN_program.o
 .text.CAN_voidRX_FIFO0_Interrupt_Handler
                0x0000000000000000       0x9c MCAL/CAN/CAN_program.o
 .text.CAN_voidRX_FIFO1_Interrupt_Handler
                0x0000000000000000       0x9c MCAL/CAN/CAN_program.o
 .text.CAN_voidSCE_Interrupt_Handler
                0x0000000000000000      0x1c4 MCAL/CAN/CAN_program.o
 .text.USB_HP_CAN1_TX_IRQHandler
                0x0000000000000000        0xc MCAL/CAN/CAN_program.o
 .text.USB_LP_CAN1_RX0_IRQHandler
                0x0000000000000000        0xc MCAL/CAN/CAN_program.o
 .text.CAN1_RX1_IRQHandler
                0x0000000000000000        0xc MCAL/CAN/CAN_program.o
 .text.CAN1_SCE_IRQHandler
                0x0000000000000000        0xc MCAL/CAN/CAN_program.o
 .debug_macro   0x0000000000000000      0xaa2 MCAL/CAN/CAN_program.o
 .debug_macro   0x0000000000000000       0x28 MCAL/CAN/CAN_program.o
 .debug_macro   0x0000000000000000      0x13c MCAL/CAN/CAN_program.o
 .group         0x0000000000000000        0xc MCAL/GPIO/GPIO_CONF.o
 .group         0x0000000000000000        0xc MCAL/GPIO/GPIO_CONF.o
 .group         0x0000000000000000        0xc MCAL/GPIO/GPIO_CONF.o
 .text          0x0000000000000000        0x0 MCAL/GPIO/GPIO_CONF.o
 .data          0x0000000000000000        0x0 MCAL/GPIO/GPIO_CONF.o
 .bss           0x0000000000000000        0x0 MCAL/GPIO/GPIO_CONF.o
 .debug_macro   0x0000000000000000      0xaa2 MCAL/GPIO/GPIO_CONF.o
 .debug_macro   0x0000000000000000       0xfa MCAL/GPIO/GPIO_CONF.o
 .group         0x0000000000000000        0xc MCAL/GPIO/GPIO_Prog.o
 .group         0x0000000000000000        0xc MCAL/GPIO/GPIO_Prog.o
 .group         0x0000000000000000        0xc MCAL/GPIO/GPIO_Prog.o
 .group         0x0000000000000000        0xc MCAL/GPIO/GPIO_Prog.o
 .group         0x0000000000000000        0xc MCAL/GPIO/GPIO_Prog.o
 .group         0x0000000000000000        0xc MCAL/GPIO/GPIO_Prog.o
 .text          0x0000000000000000        0x0 MCAL/GPIO/GPIO_Prog.o
 .data          0x0000000000000000        0x0 MCAL/GPIO/GPIO_Prog.o
 .bss           0x0000000000000000        0x0 MCAL/GPIO/GPIO_Prog.o
 .text.GPIO_u8SetPortDirection_H
                0x0000000000000000       0x98 MCAL/GPIO/GPIO_Prog.o
 .text.GPIO_u8SetPortDirection_L
                0x0000000000000000       0x98 MCAL/GPIO/GPIO_Prog.o
 .text.GPIO_u8SetPortValue_L
                0x0000000000000000       0x6c MCAL/GPIO/GPIO_Prog.o
 .text.GPIO_u8SetPortValue_H
                0x0000000000000000       0xac MCAL/GPIO/GPIO_Prog.o
 .text.GPIO_enSetPinDirection
                0x0000000000000000      0x1b4 MCAL/GPIO/GPIO_Prog.o
 .text.GPIO_enSetPinValue
                0x0000000000000000      0x108 MCAL/GPIO/GPIO_Prog.o
 .text.GPIO_enGetPinValue
                0x0000000000000000       0xa0 MCAL/GPIO/GPIO_Prog.o
 .text.GPIO_u8SetResetPin
                0x0000000000000000       0xcc MCAL/GPIO/GPIO_Prog.o
 .text.GPIO_u8SetPinV_ID
                0x0000000000000000       0xc0 MCAL/GPIO/GPIO_Prog.o
 .text.GPIO_u8LockPin_ID
                0x0000000000000000      0x1bc MCAL/GPIO/GPIO_Prog.o
 .text.GPIO_u8GetPinV_ID
                0x0000000000000000       0x9c MCAL/GPIO/GPIO_Prog.o
 .debug_macro   0x0000000000000000      0xaa2 MCAL/GPIO/GPIO_Prog.o
 .debug_macro   0x0000000000000000       0x28 MCAL/GPIO/GPIO_Prog.o
 .debug_macro   0x0000000000000000       0xfa MCAL/GPIO/GPIO_Prog.o
 .group         0x0000000000000000        0xc MCAL/NVIC/NVIC_Prog.o
 .group         0x0000000000000000        0xc MCAL/NVIC/NVIC_Prog.o
 .group         0x0000000000000000        0xc MCAL/NVIC/NVIC_Prog.o
 .group         0x0000000000000000        0xc MCAL/NVIC/NVIC_Prog.o
 .group         0x0000000000000000        0xc MCAL/NVIC/NVIC_Prog.o
 .text          0x0000000000000000        0x0 MCAL/NVIC/NVIC_Prog.o
 .data          0x0000000000000000        0x0 MCAL/NVIC/NVIC_Prog.o
 .bss           0x0000000000000000        0x0 MCAL/NVIC/NVIC_Prog.o
 .text.NVIC_u8Set_PR_options
                0x0000000000000000       0x1c MCAL/NVIC/NVIC_Prog.o
 .text.NVIC_u8Clr_EN_IRQ
                0x0000000000000000       0x4c MCAL/NVIC/NVIC_Prog.o
 .text.NVIC_u8Set_Pend_IRQ
                0x0000000000000000       0x4c MCAL/NVIC/NVIC_Prog.o
 .text.NVIC_u8Clr_Pend_IRQ
                0x0000000000000000       0x4c MCAL/NVIC/NVIC_Prog.o
 .text.NVIC_u8Get_Active_IRQ
                0x0000000000000000       0x58 MCAL/NVIC/NVIC_Prog.o
 .text.NVIC_u8Set_PR_Value
                0x0000000000000000       0x78 MCAL/NVIC/NVIC_Prog.o
 .debug_macro   0x0000000000000000      0xaa2 MCAL/NVIC/NVIC_Prog.o
 .debug_macro   0x0000000000000000       0x28 MCAL/NVIC/NVIC_Prog.o
 .debug_macro   0x0000000000000000       0x40 MCAL/NVIC/NVIC_Prog.o
 .debug_macro   0x0000000000000000      0x1b7 MCAL/NVIC/NVIC_Prog.o
 .group         0x0000000000000000        0xc MCAL/RCC/RCC_Prog.o
 .group         0x0000000000000000        0xc MCAL/RCC/RCC_Prog.o
 .group         0x0000000000000000        0xc MCAL/RCC/RCC_Prog.o
 .group         0x0000000000000000        0xc MCAL/RCC/RCC_Prog.o
 .group         0x0000000000000000        0xc MCAL/RCC/RCC_Prog.o
 .group         0x0000000000000000        0xc MCAL/RCC/RCC_Prog.o
 .group         0x0000000000000000        0xc MCAL/RCC/RCC_Prog.o
 .text          0x0000000000000000        0x0 MCAL/RCC/RCC_Prog.o
 .data          0x0000000000000000        0x0 MCAL/RCC/RCC_Prog.o
 .bss           0x0000000000000000        0x0 MCAL/RCC/RCC_Prog.o
 .text.RCC_voidDisablePeriphralCLK
                0x0000000000000000       0xb4 MCAL/RCC/RCC_Prog.o
 .text.RCC_vSetADC_CLK
                0x0000000000000000       0x44 MCAL/RCC/RCC_Prog.o
 .debug_macro   0x0000000000000000      0xaa2 MCAL/RCC/RCC_Prog.o
 .debug_macro   0x0000000000000000       0x28 MCAL/RCC/RCC_Prog.o
 .debug_macro   0x0000000000000000       0x40 MCAL/RCC/RCC_Prog.o
 .debug_macro   0x0000000000000000      0x1b7 MCAL/RCC/RCC_Prog.o
 .debug_macro   0x0000000000000000       0x22 MCAL/RCC/RCC_Prog.o
 .group         0x0000000000000000        0xc MCAL/Systick/SYSTICK_Prog.o
 .group         0x0000000000000000        0xc MCAL/Systick/SYSTICK_Prog.o
 .group         0x0000000000000000        0xc MCAL/Systick/SYSTICK_Prog.o
 .group         0x0000000000000000        0xc MCAL/Systick/SYSTICK_Prog.o
 .group         0x0000000000000000        0xc MCAL/Systick/SYSTICK_Prog.o
 .group         0x0000000000000000        0xc MCAL/Systick/SYSTICK_Prog.o
 .group         0x0000000000000000        0xc MCAL/Systick/SYSTICK_Prog.o
 .text          0x0000000000000000        0x0 MCAL/Systick/SYSTICK_Prog.o
 .data          0x0000000000000000        0x0 MCAL/Systick/SYSTICK_Prog.o
 .bss           0x0000000000000000        0x0 MCAL/Systick/SYSTICK_Prog.o
 .text.STK_u8Init
                0x0000000000000000       0x20 MCAL/Systick/SYSTICK_Prog.o
 .text.STK_u8SetBusyWait
                0x0000000000000000       0x60 MCAL/Systick/SYSTICK_Prog.o
 .text.STK_u8SetIntervalSingleOV
                0x0000000000000000       0x64 MCAL/Systick/SYSTICK_Prog.o
 .text.STK_u8SetIntervalSingle
                0x0000000000000000       0x68 MCAL/Systick/SYSTICK_Prog.o
 .text.STK_u8SetIntervalPeriodic
                0x0000000000000000       0x48 MCAL/Systick/SYSTICK_Prog.o
 .text.STK_u8StartTimer
                0x0000000000000000       0x28 MCAL/Systick/SYSTICK_Prog.o
 .text.STK_u8SpentTimer
                0x0000000000000000       0x2c MCAL/Systick/SYSTICK_Prog.o
 .text.STK_u8GetRemining
                0x0000000000000000       0x24 MCAL/Systick/SYSTICK_Prog.o
 .text.STK_u8ENInterrupt
                0x0000000000000000       0x20 MCAL/Systick/SYSTICK_Prog.o
 .text.STK_u8SetCallBack
                0x0000000000000000       0x30 MCAL/Systick/SYSTICK_Prog.o
 .debug_macro   0x0000000000000000      0xaa2 MCAL/Systick/SYSTICK_Prog.o
 .debug_macro   0x0000000000000000       0x28 MCAL/Systick/SYSTICK_Prog.o
 .debug_macro   0x0000000000000000       0x40 MCAL/Systick/SYSTICK_Prog.o
 .debug_macro   0x0000000000000000      0x1b7 MCAL/Systick/SYSTICK_Prog.o
 .group         0x0000000000000000        0xc MCAL/UART/UART_Prog.o
 .group         0x0000000000000000        0xc MCAL/UART/UART_Prog.o
 .group         0x0000000000000000        0xc MCAL/UART/UART_Prog.o
 .group         0x0000000000000000        0xc MCAL/UART/UART_Prog.o
 .group         0x0000000000000000        0xc MCAL/UART/UART_Prog.o
 .group         0x0000000000000000        0xc MCAL/UART/UART_Prog.o
 .group         0x0000000000000000        0xc MCAL/UART/UART_Prog.o
 .text          0x0000000000000000        0x0 MCAL/UART/UART_Prog.o
 .data          0x0000000000000000        0x0 MCAL/UART/UART_Prog.o
 .bss           0x0000000000000000        0x0 MCAL/UART/UART_Prog.o
 .bss.UART1_u8GlobalFrame
                0x0000000000000000       0x14 MCAL/UART/UART_Prog.o
 .bss.UART1_u8index
                0x0000000000000000        0x1 MCAL/UART/UART_Prog.o
 .bss.UART1_u8EndFrameRecieved
                0x0000000000000000        0x1 MCAL/UART/UART_Prog.o
 .bss.UART1_StringRX
                0x0000000000000000       0x14 MCAL/UART/UART_Prog.o
 .bss.UART1_MUNRX
                0x0000000000000000        0x2 MCAL/UART/UART_Prog.o
 .bss.UART1_DataReady
                0x0000000000000000        0x1 MCAL/UART/UART_Prog.o
 .text.UART1_u8SendByteBusyw8
                0x0000000000000000       0x40 MCAL/UART/UART_Prog.o
 .text.UART1_u8RecieveByteBusyw8
                0x0000000000000000       0x44 MCAL/UART/UART_Prog.o
 .text.UART1_u8SendStringBusyW8
                0x0000000000000000       0x3c MCAL/UART/UART_Prog.o
 .text.UART1_u8SendArrayBusyW8
                0x0000000000000000       0x3c MCAL/UART/UART_Prog.o
 .text.UART1_u8SendNum
                0x0000000000000000       0x48 MCAL/UART/UART_Prog.o
 .text.UART1_u8SendNumString
                0x0000000000000000       0xac MCAL/UART/UART_Prog.o
 .text.separate_string
                0x0000000000000000       0xdc MCAL/UART/UART_Prog.o
 .text.UART1_Runnable
                0x0000000000000000       0x34 MCAL/UART/UART_Prog.o
 .text.UART1_IsDataReady
                0x0000000000000000       0x14 MCAL/UART/UART_Prog.o
 .text.UART1_GETdata
                0x0000000000000000       0x6c MCAL/UART/UART_Prog.o
 .text.UART1_u8EnterruptDsRX
                0x0000000000000000       0x28 MCAL/UART/UART_Prog.o
 .text.UART1_u8EnterruptEnTX
                0x0000000000000000       0x16 MCAL/UART/UART_Prog.o
 .text.UART1_u8EnterruptDsTX
                0x0000000000000000       0x16 MCAL/UART/UART_Prog.o
 .text.UART1_u8EnterruptCallBackTX
                0x0000000000000000       0x16 MCAL/UART/UART_Prog.o
 .bss.UART2_u8GlobalFrame
                0x0000000000000000       0x14 MCAL/UART/UART_Prog.o
 .bss.UART2_u8index
                0x0000000000000000        0x1 MCAL/UART/UART_Prog.o
 .bss.UART2_u8EndFrameRecieved
                0x0000000000000000        0x1 MCAL/UART/UART_Prog.o
 .text.UART2_u8RecieveByteBusyw8
                0x0000000000000000       0x44 MCAL/UART/UART_Prog.o
 .text.UART2_u8SendStringBusyW8
                0x0000000000000000       0x3c MCAL/UART/UART_Prog.o
 .text.UART2_u8SendArrayBusyW8
                0x0000000000000000       0x3c MCAL/UART/UART_Prog.o
 .text.UART2_u8RecieveByte
                0x0000000000000000       0x28 MCAL/UART/UART_Prog.o
 .text.UART2_u8SendNum
                0x0000000000000000       0x48 MCAL/UART/UART_Prog.o
 .text.UART2_u8SendNumString
                0x0000000000000000       0xac MCAL/UART/UART_Prog.o
 .text.UART2_u8EnterruptEnRX
                0x0000000000000000       0x28 MCAL/UART/UART_Prog.o
 .text.UART2_u8EnterruptDsRX
                0x0000000000000000       0x28 MCAL/UART/UART_Prog.o
 .text.UART2_u8EnterruptCallBackRX
                0x0000000000000000       0x30 MCAL/UART/UART_Prog.o
 .text.UART2_u8EnterruptEnTX
                0x0000000000000000       0x16 MCAL/UART/UART_Prog.o
 .text.UART2_u8EnterruptDsTX
                0x0000000000000000       0x16 MCAL/UART/UART_Prog.o
 .text.UART2_u8EnterruptCallBackTX
                0x0000000000000000       0x16 MCAL/UART/UART_Prog.o
 .debug_macro   0x0000000000000000      0xaa2 MCAL/UART/UART_Prog.o
 .debug_macro   0x0000000000000000       0x28 MCAL/UART/UART_Prog.o
 .debug_macro   0x0000000000000000       0x40 MCAL/UART/UART_Prog.o
 .debug_macro   0x0000000000000000      0x1b7 MCAL/UART/UART_Prog.o
 .debug_macro   0x0000000000000000       0x22 MCAL/UART/UART_Prog.o
 .group         0x0000000000000000        0xc Service/Delay/Delay.o
 .group         0x0000000000000000        0xc Service/Delay/Delay.o
 .group         0x0000000000000000        0xc Service/Delay/Delay.o
 .text          0x0000000000000000        0x0 Service/Delay/Delay.o
 .data          0x0000000000000000        0x0 Service/Delay/Delay.o
 .bss           0x0000000000000000        0x0 Service/Delay/Delay.o
 .text.Delay    0x0000000000000000       0x3e Service/Delay/Delay.o
 .debug_info    0x0000000000000000       0xc2 Service/Delay/Delay.o
 .debug_abbrev  0x0000000000000000       0x76 Service/Delay/Delay.o
 .debug_aranges
                0x0000000000000000       0x20 Service/Delay/Delay.o
 .debug_ranges  0x0000000000000000       0x10 Service/Delay/Delay.o
 .debug_macro   0x0000000000000000       0x2d Service/Delay/Delay.o
 .debug_macro   0x0000000000000000      0xaa2 Service/Delay/Delay.o
 .debug_macro   0x0000000000000000       0x28 Service/Delay/Delay.o
 .debug_macro   0x0000000000000000       0x40 Service/Delay/Delay.o
 .debug_line    0x0000000000000000       0xd8 Service/Delay/Delay.o
 .debug_str     0x0000000000000000     0x2fde Service/Delay/Delay.o
 .comment       0x0000000000000000       0x54 Service/Delay/Delay.o
 .debug_frame   0x0000000000000000       0x38 Service/Delay/Delay.o
 .ARM.attributes
                0x0000000000000000       0x2d Service/Delay/Delay.o
 .group         0x0000000000000000        0xc Src/main.o
 .group         0x0000000000000000        0xc Src/main.o
 .text          0x0000000000000000        0x0 Src/main.o
 .data          0x0000000000000000        0x0 Src/main.o
 .bss           0x0000000000000000        0x0 Src/main.o
 .debug_macro   0x0000000000000000      0xaa2 Src/main.o
 .debug_macro   0x0000000000000000       0x28 Src/main.o
 .text          0x0000000000000000       0x14 Startup/startup_stm32f103c6tx.o
 .data          0x0000000000000000        0x0 Startup/startup_stm32f103c6tx.o
 .bss           0x0000000000000000        0x0 Startup/startup_stm32f103c6tx.o
 .text          0x0000000000000000        0x0 c:/st/stm32cubeide_1.6.1/stm32cubeide/plugins/com.st.stm32cube.ide.mcu.externaltools.gnu-tools-for-stm32.9-2020-q2-update.win32_1.5.0.202011040924/tools/bin/../lib/gcc/arm-none-eabi/9.3.1/../../../../arm-none-eabi/lib/thumb/v7-m/nofp\libc_nano.a(lib_a-exit.o)
 .data          0x0000000000000000        0x0 c:/st/stm32cubeide_1.6.1/stm32cubeide/plugins/com.st.stm32cube.ide.mcu.externaltools.gnu-tools-for-stm32.9-2020-q2-update.win32_1.5.0.202011040924/tools/bin/../lib/gcc/arm-none-eabi/9.3.1/../../../../arm-none-eabi/lib/thumb/v7-m/nofp\libc_nano.a(lib_a-exit.o)
 .bss           0x0000000000000000        0x0 c:/st/stm32cubeide_1.6.1/stm32cubeide/plugins/com.st.stm32cube.ide.mcu.externaltools.gnu-tools-for-stm32.9-2020-q2-update.win32_1.5.0.202011040924/tools/bin/../lib/gcc/arm-none-eabi/9.3.1/../../../../arm-none-eabi/lib/thumb/v7-m/nofp\libc_nano.a(lib_a-exit.o)
 .text.exit     0x0000000000000000       0x28 c:/st/stm32cubeide_1.6.1/stm32cubeide/plugins/com.st.stm32cube.ide.mcu.externaltools.gnu-tools-for-stm32.9-2020-q2-update.win32_1.5.0.202011040924/tools/bin/../lib/gcc/arm-none-eabi/9.3.1/../../../../arm-none-eabi/lib/thumb/v7-m/nofp\libc_nano.a(lib_a-exit.o)
 .debug_frame   0x0000000000000000       0x28 c:/st/stm32cubeide_1.6.1/stm32cubeide/plugins/com.st.stm32cube.ide.mcu.externaltools.gnu-tools-for-stm32.9-2020-q2-update.win32_1.5.0.202011040924/tools/bin/../lib/gcc/arm-none-eabi/9.3.1/../../../../arm-none-eabi/lib/thumb/v7-m/nofp\libc_nano.a(lib_a-exit.o)
 .ARM.attributes
                0x0000000000000000       0x2d c:/st/stm32cubeide_1.6.1/stm32cubeide/plugins/com.st.stm32cube.ide.mcu.externaltools.gnu-tools-for-stm32.9-2020-q2-update.win32_1.5.0.202011040924/tools/bin/../lib/gcc/arm-none-eabi/9.3.1/../../../../arm-none-eabi/lib/thumb/v7-m/nofp\libc_nano.a(lib_a-exit.o)
 .text          0x0000000000000000        0x0 c:/st/stm32cubeide_1.6.1/stm32cubeide/plugins/com.st.stm32cube.ide.mcu.externaltools.gnu-tools-for-stm32.9-2020-q2-update.win32_1.5.0.202011040924/tools/bin/../lib/gcc/arm-none-eabi/9.3.1/../../../../arm-none-eabi/lib/thumb/v7-m/nofp\libc_nano.a(lib_a-impure.o)
 .data          0x0000000000000000        0x0 c:/st/stm32cubeide_1.6.1/stm32cubeide/plugins/com.st.stm32cube.ide.mcu.externaltools.gnu-tools-for-stm32.9-2020-q2-update.win32_1.5.0.202011040924/tools/bin/../lib/gcc/arm-none-eabi/9.3.1/../../../../arm-none-eabi/lib/thumb/v7-m/nofp\libc_nano.a(lib_a-impure.o)
 .bss           0x0000000000000000        0x0 c:/st/stm32cubeide_1.6.1/stm32cubeide/plugins/com.st.stm32cube.ide.mcu.externaltools.gnu-tools-for-stm32.9-2020-q2-update.win32_1.5.0.202011040924/tools/bin/../lib/gcc/arm-none-eabi/9.3.1/../../../../arm-none-eabi/lib/thumb/v7-m/nofp\libc_nano.a(lib_a-impure.o)
 .data._impure_ptr
                0x0000000000000000        0x4 c:/st/stm32cubeide_1.6.1/stm32cubeide/plugins/com.st.stm32cube.ide.mcu.externaltools.gnu-tools-for-stm32.9-2020-q2-update.win32_1.5.0.202011040924/tools/bin/../lib/gcc/arm-none-eabi/9.3.1/../../../../arm-none-eabi/lib/thumb/v7-m/nofp\libc_nano.a(lib_a-impure.o)
 .data.impure_data
                0x0000000000000000       0x60 c:/st/stm32cubeide_1.6.1/stm32cubeide/plugins/com.st.stm32cube.ide.mcu.externaltools.gnu-tools-for-stm32.9-2020-q2-update.win32_1.5.0.202011040924/tools/bin/../lib/gcc/arm-none-eabi/9.3.1/../../../../arm-none-eabi/lib/thumb/v7-m/nofp\libc_nano.a(lib_a-impure.o)
 .rodata._global_impure_ptr
                0x0000000000000000        0x4 c:/st/stm32cubeide_1.6.1/stm32cubeide/plugins/com.st.stm32cube.ide.mcu.externaltools.gnu-tools-for-stm32.9-2020-q2-update.win32_1.5.0.202011040924/tools/bin/../lib/gcc/arm-none-eabi/9.3.1/../../../../arm-none-eabi/lib/thumb/v7-m/nofp\libc_nano.a(lib_a-impure.o)
 .ARM.attributes
                0x0000000000000000       0x2d c:/st/stm32cubeide_1.6.1/stm32cubeide/plugins/com.st.stm32cube.ide.mcu.externaltools.gnu-tools-for-stm32.9-2020-q2-update.win32_1.5.0.202011040924/tools/bin/../lib/gcc/arm-none-eabi/9.3.1/../../../../arm-none-eabi/lib/thumb/v7-m/nofp\libc_nano.a(lib_a-impure.o)
 .text          0x0000000000000000        0x0 c:/st/stm32cubeide_1.6.1/stm32cubeide/plugins/com.st.stm32cube.ide.mcu.externaltools.gnu-tools-for-stm32.9-2020-q2-update.win32_1.5.0.202011040924/tools/bin/../lib/gcc/arm-none-eabi/9.3.1/../../../../arm-none-eabi/lib/thumb/v7-m/nofp\libc_nano.a(lib_a-init.o)
 .data          0x0000000000000000        0x0 c:/st/stm32cubeide_1.6.1/stm32cubeide/plugins/com.st.stm32cube.ide.mcu.externaltools.gnu-tools-for-stm32.9-2020-q2-update.win32_1.5.0.202011040924/tools/bin/../lib/gcc/arm-none-eabi/9.3.1/../../../../arm-none-eabi/lib/thumb/v7-m/nofp\libc_nano.a(lib_a-init.o)
 .bss           0x0000000000000000        0x0 c:/st/stm32cubeide_1.6.1/stm32cubeide/plugins/com.st.stm32cube.ide.mcu.externaltools.gnu-tools-for-stm32.9-2020-q2-update.win32_1.5.0.202011040924/tools/bin/../lib/gcc/arm-none-eabi/9.3.1/../../../../arm-none-eabi/lib/thumb/v7-m/nofp\libc_nano.a(lib_a-init.o)
 .text          0x0000000000000000        0x0 c:/st/stm32cubeide_1.6.1/stm32cubeide/plugins/com.st.stm32cube.ide.mcu.externaltools.gnu-tools-for-stm32.9-2020-q2-update.win32_1.5.0.202011040924/tools/bin/../lib/gcc/arm-none-eabi/9.3.1/../../../../arm-none-eabi/lib/thumb/v7-m/nofp\libc_nano.a(lib_a-memset.o)
 .data          0x0000000000000000        0x0 c:/st/stm32cubeide_1.6.1/stm32cubeide/plugins/com.st.stm32cube.ide.mcu.externaltools.gnu-tools-for-stm32.9-2020-q2-update.win32_1.5.0.202011040924/tools/bin/../lib/gcc/arm-none-eabi/9.3.1/../../../../arm-none-eabi/lib/thumb/v7-m/nofp\libc_nano.a(lib_a-memset.o)
 .bss           0x0000000000000000        0x0 c:/st/stm32cubeide_1.6.1/stm32cubeide/plugins/com.st.stm32cube.ide.mcu.externaltools.gnu-tools-for-stm32.9-2020-q2-update.win32_1.5.0.202011040924/tools/bin/../lib/gcc/arm-none-eabi/9.3.1/../../../../arm-none-eabi/lib/thumb/v7-m/nofp\libc_nano.a(lib_a-memset.o)
 .text.memset   0x0000000000000000       0x10 c:/st/stm32cubeide_1.6.1/stm32cubeide/plugins/com.st.stm32cube.ide.mcu.externaltools.gnu-tools-for-stm32.9-2020-q2-update.win32_1.5.0.202011040924/tools/bin/../lib/gcc/arm-none-eabi/9.3.1/../../../../arm-none-eabi/lib/thumb/v7-m/nofp\libc_nano.a(lib_a-memset.o)
 .debug_frame   0x0000000000000000       0x20 c:/st/stm32cubeide_1.6.1/stm32cubeide/plugins/com.st.stm32cube.ide.mcu.externaltools.gnu-tools-for-stm32.9-2020-q2-update.win32_1.5.0.202011040924/tools/bin/../lib/gcc/arm-none-eabi/9.3.1/../../../../arm-none-eabi/lib/thumb/v7-m/nofp\libc_nano.a(lib_a-memset.o)
 .ARM.attributes
                0x0000000000000000       0x2d c:/st/stm32cubeide_1.6.1/stm32cubeide/plugins/com.st.stm32cube.ide.mcu.externaltools.gnu-tools-for-stm32.9-2020-q2-update.win32_1.5.0.202011040924/tools/bin/../lib/gcc/arm-none-eabi/9.3.1/../../../../arm-none-eabi/lib/thumb/v7-m/nofp\libc_nano.a(lib_a-memset.o)
 .text          0x0000000000000000        0x0 c:/st/stm32cubeide_1.6.1/stm32cubeide/plugins/com.st.stm32cube.ide.mcu.externaltools.gnu-tools-for-stm32.9-2020-q2-update.win32_1.5.0.202011040924/tools/bin/../lib/gcc/arm-none-eabi/9.3.1/../../../../arm-none-eabi/lib/thumb/v7-m/nofp\libnosys.a(_exit.o)
 .data          0x0000000000000000        0x0 c:/st/stm32cubeide_1.6.1/stm32cubeide/plugins/com.st.stm32cube.ide.mcu.externaltools.gnu-tools-for-stm32.9-2020-q2-update.win32_1.5.0.202011040924/tools/bin/../lib/gcc/arm-none-eabi/9.3.1/../../../../arm-none-eabi/lib/thumb/v7-m/nofp\libnosys.a(_exit.o)
 .bss           0x0000000000000000        0x0 c:/st/stm32cubeide_1.6.1/stm32cubeide/plugins/com.st.stm32cube.ide.mcu.externaltools.gnu-tools-for-stm32.9-2020-q2-update.win32_1.5.0.202011040924/tools/bin/../lib/gcc/arm-none-eabi/9.3.1/../../../../arm-none-eabi/lib/thumb/v7-m/nofp\libnosys.a(_exit.o)
 .text._exit    0x0000000000000000        0x2 c:/st/stm32cubeide_1.6.1/stm32cubeide/plugins/com.st.stm32cube.ide.mcu.externaltools.gnu-tools-for-stm32.9-2020-q2-update.win32_1.5.0.202011040924/tools/bin/../lib/gcc/arm-none-eabi/9.3.1/../../../../arm-none-eabi/lib/thumb/v7-m/nofp\libnosys.a(_exit.o)
 .debug_frame   0x0000000000000000       0x20 c:/st/stm32cubeide_1.6.1/stm32cubeide/plugins/com.st.stm32cube.ide.mcu.externaltools.gnu-tools-for-stm32.9-2020-q2-update.win32_1.5.0.202011040924/tools/bin/../lib/gcc/arm-none-eabi/9.3.1/../../../../arm-none-eabi/lib/thumb/v7-m/nofp\libnosys.a(_exit.o)
 .ARM.attributes
                0x0000000000000000       0x2d c:/st/stm32cubeide_1.6.1/stm32cubeide/plugins/com.st.stm32cube.ide.mcu.externaltools.gnu-tools-for-stm32.9-2020-q2-update.win32_1.5.0.202011040924/tools/bin/../lib/gcc/arm-none-eabi/9.3.1/../../../../arm-none-eabi/lib/thumb/v7-m/nofp\libnosys.a(_exit.o)
 .text          0x0000000000000000        0x0 c:/st/stm32cubeide_1.6.1/stm32cubeide/plugins/com.st.stm32cube.ide.mcu.externaltools.gnu-tools-for-stm32.9-2020-q2-update.win32_1.5.0.202011040924/tools/bin/../lib/gcc/arm-none-eabi/9.3.1/thumb/v7-m/nofp/crtend.o
 .data          0x0000000000000000        0x0 c:/st/stm32cubeide_1.6.1/stm32cubeide/plugins/com.st.stm32cube.ide.mcu.externaltools.gnu-tools-for-stm32.9-2020-q2-update.win32_1.5.0.202011040924/tools/bin/../lib/gcc/arm-none-eabi/9.3.1/thumb/v7-m/nofp/crtend.o
 .bss           0x0000000000000000        0x0 c:/st/stm32cubeide_1.6.1/stm32cubeide/plugins/com.st.stm32cube.ide.mcu.externaltools.gnu-tools-for-stm32.9-2020-q2-update.win32_1.5.0.202011040924/tools/bin/../lib/gcc/arm-none-eabi/9.3.1/thumb/v7-m/nofp/crtend.o
 .eh_frame      0x0000000000000000        0x4 c:/st/stm32cubeide_1.6.1/stm32cubeide/plugins/com.st.stm32cube.ide.mcu.externaltools.gnu-tools-for-stm32.9-2020-q2-update.win32_1.5.0.202011040924/tools/bin/../lib/gcc/arm-none-eabi/9.3.1/thumb/v7-m/nofp/crtend.o
 .ARM.attributes
                0x0000000000000000       0x2d c:/st/stm32cubeide_1.6.1/stm32cubeide/plugins/com.st.stm32cube.ide.mcu.externaltools.gnu-tools-for-stm32.9-2020-q2-update.win32_1.5.0.202011040924/tools/bin/../lib/gcc/arm-none-eabi/9.3.1/thumb/v7-m/nofp/crtend.o
 .text          0x0000000000000000        0x0 c:/st/stm32cubeide_1.6.1/stm32cubeide/plugins/com.st.stm32cube.ide.mcu.externaltools.gnu-tools-for-stm32.9-2020-q2-update.win32_1.5.0.202011040924/tools/bin/../lib/gcc/arm-none-eabi/9.3.1/thumb/v7-m/nofp/crtn.o
 .data          0x0000000000000000        0x0 c:/st/stm32cubeide_1.6.1/stm32cubeide/plugins/com.st.stm32cube.ide.mcu.externaltools.gnu-tools-for-stm32.9-2020-q2-update.win32_1.5.0.202011040924/tools/bin/../lib/gcc/arm-none-eabi/9.3.1/thumb/v7-m/nofp/crtn.o
 .bss           0x0000000000000000        0x0 c:/st/stm32cubeide_1.6.1/stm32cubeide/plugins/com.st.stm32cube.ide.mcu.externaltools.gnu-tools-for-stm32.9-2020-q2-update.win32_1.5.0.202011040924/tools/bin/../lib/gcc/arm-none-eabi/9.3.1/thumb/v7-m/nofp/crtn.o

Memory Configuration

Name             Origin             Length             Attributes
RAM              0x0000000020000000 0x0000000000002800 xrw
FLASH            0x0000000008000000 0x0000000000008000 xr
*default*        0x0000000000000000 0xffffffffffffffff

Linker script and memory map

LOAD c:/st/stm32cubeide_1.6.1/stm32cubeide/plugins/com.st.stm32cube.ide.mcu.externaltools.gnu-tools-for-stm32.9-2020-q2-update.win32_1.5.0.202011040924/tools/bin/../lib/gcc/arm-none-eabi/9.3.1/thumb/v7-m/nofp/crti.o
LOAD c:/st/stm32cubeide_1.6.1/stm32cubeide/plugins/com.st.stm32cube.ide.mcu.externaltools.gnu-tools-for-stm32.9-2020-q2-update.win32_1.5.0.202011040924/tools/bin/../lib/gcc/arm-none-eabi/9.3.1/thumb/v7-m/nofp/crtbegin.o
LOAD c:/st/stm32cubeide_1.6.1/stm32cubeide/plugins/com.st.stm32cube.ide.mcu.externaltools.gnu-tools-for-stm32.9-2020-q2-update.win32_1.5.0.202011040924/tools/bin/../lib/gcc/arm-none-eabi/9.3.1/../../../../arm-none-eabi/lib/thumb/v7-m/nofp/crt0.o
LOAD Applicatoin/CmmunicationOverCAN_PROG.o
LOAD MCAL/CAN/CAN_program.o
LOAD MCAL/GPIO/GPIO_CONF.o
LOAD MCAL/GPIO/GPIO_Prog.o
LOAD MCAL/NVIC/NVIC_Prog.o
LOAD MCAL/RCC/RCC_Prog.o
LOAD MCAL/Systick/SYSTICK_Prog.o
LOAD MCAL/UART/UART_Prog.o
LOAD Service/Delay/Delay.o
LOAD Src/main.o
LOAD Startup/startup_stm32f103c6tx.o
START GROUP
LOAD c:/st/stm32cubeide_1.6.1/stm32cubeide/plugins/com.st.stm32cube.ide.mcu.externaltools.gnu-tools-for-stm32.9-2020-q2-update.win32_1.5.0.202011040924/tools/bin/../lib/gcc/arm-none-eabi/9.3.1/../../../../arm-none-eabi/lib/thumb/v7-m/nofp\libc_nano.a
LOAD c:/st/stm32cubeide_1.6.1/stm32cubeide/plugins/com.st.stm32cube.ide.mcu.externaltools.gnu-tools-for-stm32.9-2020-q2-update.win32_1.5.0.202011040924/tools/bin/../lib/gcc/arm-none-eabi/9.3.1/../../../../arm-none-eabi/lib/thumb/v7-m/nofp\libm.a
END GROUP
START GROUP
LOAD c:/st/stm32cubeide_1.6.1/stm32cubeide/plugins/com.st.stm32cube.ide.mcu.externaltools.gnu-tools-for-stm32.9-2020-q2-update.win32_1.5.0.202011040924/tools/bin/../lib/gcc/arm-none-eabi/9.3.1/thumb/v7-m/nofp\libgcc.a
LOAD c:/st/stm32cubeide_1.6.1/stm32cubeide/plugins/com.st.stm32cube.ide.mcu.externaltools.gnu-tools-for-stm32.9-2020-q2-update.win32_1.5.0.202011040924/tools/bin/../lib/gcc/arm-none-eabi/9.3.1/../../../../arm-none-eabi/lib/thumb/v7-m/nofp\libc_nano.a
END GROUP
START GROUP
LOAD c:/st/stm32cubeide_1.6.1/stm32cubeide/plugins/com.st.stm32cube.ide.mcu.externaltools.gnu-tools-for-stm32.9-2020-q2-update.win32_1.5.0.202011040924/tools/bin/../lib/gcc/arm-none-eabi/9.3.1/thumb/v7-m/nofp\libgcc.a
LOAD c:/st/stm32cubeide_1.6.1/stm32cubeide/plugins/com.st.stm32cube.ide.mcu.externaltools.gnu-tools-for-stm32.9-2020-q2-update.win32_1.5.0.202011040924/tools/bin/../lib/gcc/arm-none-eabi/9.3.1/../../../../arm-none-eabi/lib/thumb/v7-m/nofp\libc_nano.a
LOAD c:/st/stm32cubeide_1.6.1/stm32cubeide/plugins/com.st.stm32cube.ide.mcu.externaltools.gnu-tools-for-stm32.9-2020-q2-update.win32_1.5.0.202011040924/tools/bin/../lib/gcc/arm-none-eabi/9.3.1/../../../../arm-none-eabi/lib/thumb/v7-m/nofp\libnosys.a
END GROUP
START GROUP
LOAD c:/st/stm32cubeide_1.6.1/stm32cubeide/plugins/com.st.stm32cube.ide.mcu.externaltools.gnu-tools-for-stm32.9-2020-q2-update.win32_1.5.0.202011040924/tools/bin/../lib/gcc/arm-none-eabi/9.3.1/thumb/v7-m/nofp\libgcc.a
LOAD c:/st/stm32cubeide_1.6.1/stm32cubeide/plugins/com.st.stm32cube.ide.mcu.externaltools.gnu-tools-for-stm32.9-2020-q2-update.win32_1.5.0.202011040924/tools/bin/../lib/gcc/arm-none-eabi/9.3.1/../../../../arm-none-eabi/lib/thumb/v7-m/nofp\libc_nano.a
LOAD c:/st/stm32cubeide_1.6.1/stm32cubeide/plugins/com.st.stm32cube.ide.mcu.externaltools.gnu-tools-for-stm32.9-2020-q2-update.win32_1.5.0.202011040924/tools/bin/../lib/gcc/arm-none-eabi/9.3.1/../../../../arm-none-eabi/lib/thumb/v7-m/nofp\libnosys.a
END GROUP
LOAD c:/st/stm32cubeide_1.6.1/stm32cubeide/plugins/com.st.stm32cube.ide.mcu.externaltools.gnu-tools-for-stm32.9-2020-q2-update.win32_1.5.0.202011040924/tools/bin/../lib/gcc/arm-none-eabi/9.3.1/thumb/v7-m/nofp/crtend.o
LOAD c:/st/stm32cubeide_1.6.1/stm32cubeide/plugins/com.st.stm32cube.ide.mcu.externaltools.gnu-tools-for-stm32.9-2020-q2-update.win32_1.5.0.202011040924/tools/bin/../lib/gcc/arm-none-eabi/9.3.1/thumb/v7-m/nofp/crtn.o
                0x0000000020002800                _estack = (ORIGIN (RAM) + LENGTH (RAM))
                0x0000000000000200                _Min_Heap_Size = 0x200
                0x0000000000000400                _Min_Stack_Size = 0x400

.isr_vector     0x0000000008000000      0x130
                0x0000000008000000                . = ALIGN (0x4)
 *(.isr_vector)
 .isr_vector    0x0000000008000000      0x130 Startup/startup_stm32f103c6tx.o
                0x0000000008000000                g_pfnVectors
                0x0000000008000130                . = ALIGN (0x4)

.text           0x0000000008000130      0xc0c
                0x0000000008000130                . = ALIGN (0x4)
 *(.text)
 .text          0x0000000008000130       0x40 c:/st/stm32cubeide_1.6.1/stm32cubeide/plugins/com.st.stm32cube.ide.mcu.externaltools.gnu-tools-for-stm32.9-2020-q2-update.win32_1.5.0.202011040924/tools/bin/../lib/gcc/arm-none-eabi/9.3.1/thumb/v7-m/nofp/crtbegin.o
 *(.text*)
 .text.CommApp_voidInit
                0x0000000008000170       0x6c Applicatoin/CmmunicationOverCAN_PROG.o
                0x0000000008000170                CommApp_voidInit
 .text.CommApp_voidRunnable
                0x00000000080001dc       0x1e Applicatoin/CmmunicationOverCAN_PROG.o
                0x00000000080001dc                CommApp_voidRunnable
 .text.Std_id_High
                0x00000000080001fa       0x1a Applicatoin/CmmunicationOverCAN_PROG.o
                0x00000000080001fa                Std_id_High
 .text.CAN_FilterConfig
                0x0000000008000214       0x42 Applicatoin/CmmunicationOverCAN_PROG.o
                0x0000000008000214                CAN_FilterConfig
 *fill*         0x0000000008000256        0x2 
 .text.CommApp_enuSerialDataCheck
                0x0000000008000258       0x28 Applicatoin/CmmunicationOverCAN_PROG.o
                0x0000000008000258                CommApp_enuSerialDataCheck
 .text.CommApp_enuDataSend
                0x0000000008000280       0x50 Applicatoin/CmmunicationOverCAN_PROG.o
                0x0000000008000280                CommApp_enuDataSend
 .text.CommApp_voidReadClearUartVar
                0x00000000080002d0       0x24 Applicatoin/CmmunicationOverCAN_PROG.o
                0x00000000080002d0                CommApp_voidReadClearUartVar
 .text.CommApp_voidUart_ISRFunction
                0x00000000080002f4       0x14 Applicatoin/CmmunicationOverCAN_PROG.o
                0x00000000080002f4                CommApp_voidUart_ISRFunction
 .text.CAN_voidInit
                0x0000000008000308       0xac MCAL/CAN/CAN_program.o
                0x0000000008000308                CAN_voidInit
 .text.CAN_voidAddTxMsg
                0x00000000080003b4      0x14c MCAL/CAN/CAN_program.o
                0x00000000080003b4                CAN_voidAddTxMsg
 .text.CAN_voidStart
                0x0000000008000500       0x2c MCAL/CAN/CAN_program.o
                0x0000000008000500                CAN_voidStart
 .text.CAN_voidConfigFilter
                0x000000000800052c      0x1a0 MCAL/CAN/CAN_program.o
                0x000000000800052c                CAN_voidConfigFilter
 .text.GPIO_u8Init
                0x00000000080006cc       0x40 MCAL/GPIO/GPIO_Prog.o
                0x00000000080006cc                GPIO_u8Init
 .text.GPIO_u8SetPinD_ID
                0x000000000800070c      0x1bc MCAL/GPIO/GPIO_Prog.o
                0x000000000800070c                GPIO_u8SetPinD_ID
 .text.NVIC_u8Set_EN_IRQ
                0x00000000080008c8       0x48 MCAL/NVIC/NVIC_Prog.o
                0x00000000080008c8                NVIC_u8Set_EN_IRQ
 .text.RCC_voidInitSystemClock
                0x0000000008000910       0x1c MCAL/RCC/RCC_Prog.o
                0x0000000008000910                RCC_voidInitSystemClock
 .text.RCC_voidEnablePeriphralCLK
                0x000000000800092c       0xac MCAL/RCC/RCC_Prog.o
                0x000000000800092c                RCC_voidEnablePeriphralCLK
 .text.STK_u8StopTimer
                0x00000000080009d8       0x34 MCAL/Systick/SYSTICK_Prog.o
                0x00000000080009d8                STK_u8StopTimer
 .text.STK_u8DSInterrupt
                0x0000000008000a0c       0x20 MCAL/Systick/SYSTICK_Prog.o
                0x0000000008000a0c                STK_u8DSInterrupt
 .text.SysTick_Handler
                0x0000000008000a2c       0x34 MCAL/Systick/SYSTICK_Prog.o
                0x0000000008000a2c                SysTick_Handler
 .text.UART1_voidInit
                0x0000000008000a60       0x74 MCAL/UART/UART_Prog.o
                0x0000000008000a60                UART1_voidInit
 .text.UART1_u8RecieveByte
                0x0000000008000ad4       0x28 MCAL/UART/UART_Prog.o
                0x0000000008000ad4                UART1_u8RecieveByte
 .text.UART1_u8EnterruptEnRX
                0x0000000008000afc       0x28 MCAL/UART/UART_Prog.o
                0x0000000008000afc                UART1_u8EnterruptEnRX
 .text.UART1_u8EnterruptCallBackRX
                0x0000000008000b24       0x30 MCAL/UART/UART_Prog.o
                0x0000000008000b24                UART1_u8EnterruptCallBackRX
 .text.USART1_IRQHandler
                0x0000000008000b54       0x38 MCAL/UART/UART_Prog.o
                0x0000000008000b54                USART1_IRQHandler
 .text.UART2_voidInit
                0x0000000008000b8c       0x74 MCAL/UART/UART_Prog.o
                0x0000000008000b8c                UART2_voidInit
 .text.UART2_u8SendByteBusyw8
                0x0000000008000c00       0x40 MCAL/UART/UART_Prog.o
                0x0000000008000c00                UART2_u8SendByteBusyw8
 .text.USART2_IRQHandler
                0x0000000008000c40       0x38 MCAL/UART/UART_Prog.o
                0x0000000008000c40                USART2_IRQHandler
 .text.main     0x0000000008000c78        0xe Src/main.o
                0x0000000008000c78                main
 *fill*         0x0000000008000c86        0x2 
 .text.Reset_Handler
                0x0000000008000c88       0x50 Startup/startup_stm32f103c6tx.o
                0x0000000008000c88                Reset_Handler
 .text.Default_Handler
                0x0000000008000cd8        0x2 Startup/startup_stm32f103c6tx.o
                0x0000000008000cd8                EXTI2_IRQHandler
                0x0000000008000cd8                TIM8_TRG_COM_IRQHandler
                0x0000000008000cd8                TIM8_CC_IRQHandler
                0x0000000008000cd8                DebugMon_Handler
                0x0000000008000cd8                TIM1_CC_IRQHandler
                0x0000000008000cd8                HardFault_Handler
                0x0000000008000cd8                TIM6_IRQHandler
                0x0000000008000cd8                PVD_IRQHandler
                0x0000000008000cd8                SDIO_IRQHandler
                0x0000000008000cd8                PendSV_Handler
                0x0000000008000cd8                NMI_Handler
                0x0000000008000cd8                EXTI3_IRQHandler
                0x0000000008000cd8                USB_HP_CAN_TX_IRQHandler
                0x0000000008000cd8                EXTI0_IRQHandler
                0x0000000008000cd8                I2C2_EV_IRQHandler
                0x0000000008000cd8                UsageFault_Handler
                0x0000000008000cd8                ADC1_2_IRQHandler
                0x0000000008000cd8                SPI1_IRQHandler
                0x0000000008000cd8                CAN_SCE_IRQHandler
                0x0000000008000cd8                TAMPER_IRQHandler
                0x0000000008000cd8                TIM8_UP_IRQHandler
                0x0000000008000cd8                DMA2_Channel2_IRQHandler
                0x0000000008000cd8                DMA1_Channel4_IRQHandler
                0x0000000008000cd8                USART3_IRQHandler
                0x0000000008000cd8                RTC_IRQHandler
                0x0000000008000cd8                DMA1_Channel7_IRQHandler
                0x0000000008000cd8                UART5_IRQHandler
                0x0000000008000cd8                ADC3_IRQHandler
                0x0000000008000cd8                TIM4_IRQHandler
                0x0000000008000cd8                CAN_RX1_IRQHandler
                0x0000000008000cd8                DMA2_Channel1_IRQHandler
                0x0000000008000cd8                I2C1_EV_IRQHandler
                0x0000000008000cd8                DMA1_Channel6_IRQHandler
                0x0000000008000cd8                UART4_IRQHandler
                0x0000000008000cd8                TIM3_IRQHandler
                0x0000000008000cd8                RCC_IRQHandler
                0x0000000008000cd8                TIM1_TRG_COM_IRQHandler
                0x0000000008000cd8                DMA1_Channel1_IRQHandler
                0x0000000008000cd8                Default_Handler
                0x0000000008000cd8                EXTI15_10_IRQHandler
                0x0000000008000cd8                TIM7_IRQHandler
                0x0000000008000cd8                TIM5_IRQHandler
                0x0000000008000cd8                EXTI9_5_IRQHandler
                0x0000000008000cd8                SPI2_IRQHandler
                0x0000000008000cd8                USB_LP_CAN_RX0_IRQHandler
                0x0000000008000cd8                MemManage_Handler
                0x0000000008000cd8                SVC_Handler
                0x0000000008000cd8                DMA1_Channel5_IRQHandler
                0x0000000008000cd8                EXTI4_IRQHandler
                0x0000000008000cd8                DMA1_Channel3_IRQHandler
                0x0000000008000cd8                FSMC_IRQHandler
                0x0000000008000cd8                TIM1_UP_IRQHandler
                0x0000000008000cd8                WWDG_IRQHandler
                0x0000000008000cd8                TIM2_IRQHandler
                0x0000000008000cd8                TIM1_BRK_IRQHandler
                0x0000000008000cd8                EXTI1_IRQHandler
                0x0000000008000cd8                RTCAlarm_IRQHandler
                0x0000000008000cd8                DMA2_Channel4_5_IRQHandler
                0x0000000008000cd8                I2C2_ER_IRQHandler
                0x0000000008000cd8                DMA1_Channel2_IRQHandler
                0x0000000008000cd8                TIM8_BRK_IRQHandler
                0x0000000008000cd8                FLASH_IRQHandler
                0x0000000008000cd8                BusFault_Handler
                0x0000000008000cd8                SPI3_IRQHandler
                0x0000000008000cd8                I2C1_ER_IRQHandler
                0x0000000008000cd8                DMA2_Channel3_IRQHandler
 *fill*         0x0000000008000cda        0x2 
 .text.__libc_init_array
                0x0000000008000cdc       0x48 c:/st/stm32cubeide_1.6.1/stm32cubeide/plugins/com.st.stm32cube.ide.mcu.externaltools.gnu-tools-for-stm32.9-2020-q2-update.win32_1.5.0.202011040924/tools/bin/../lib/gcc/arm-none-eabi/9.3.1/../../../../arm-none-eabi/lib/thumb/v7-m/nofp\libc_nano.a(lib_a-init.o)
                0x0000000008000cdc                __libc_init_array
 *(.glue_7)
 .glue_7        0x0000000008000d24        0x0 linker stubs
 *(.glue_7t)
 .glue_7t       0x0000000008000d24        0x0 linker stubs
 *(.eh_frame)
 .eh_frame      0x0000000008000d24        0x0 c:/st/stm32cubeide_1.6.1/stm32cubeide/plugins/com.st.stm32cube.ide.mcu.externaltools.gnu-tools-for-stm32.9-2020-q2-update.win32_1.5.0.202011040924/tools/bin/../lib/gcc/arm-none-eabi/9.3.1/thumb/v7-m/nofp/crtbegin.o
 *(.init)
 .init          0x0000000008000d24        0x4 c:/st/stm32cubeide_1.6.1/stm32cubeide/plugins/com.st.stm32cube.ide.mcu.externaltools.gnu-tools-for-stm32.9-2020-q2-update.win32_1.5.0.202011040924/tools/bin/../lib/gcc/arm-none-eabi/9.3.1/thumb/v7-m/nofp/crti.o
                0x0000000008000d24                _init
 .init          0x0000000008000d28        0x8 c:/st/stm32cubeide_1.6.1/stm32cubeide/plugins/com.st.stm32cube.ide.mcu.externaltools.gnu-tools-for-stm32.9-2020-q2-update.win32_1.5.0.202011040924/tools/bin/../lib/gcc/arm-none-eabi/9.3.1/thumb/v7-m/nofp/crtn.o
 *(.fini)
 .fini          0x0000000008000d30        0x4 c:/st/stm32cubeide_1.6.1/stm32cubeide/plugins/com.st.stm32cube.ide.mcu.externaltools.gnu-tools-for-stm32.9-2020-q2-update.win32_1.5.0.202011040924/tools/bin/../lib/gcc/arm-none-eabi/9.3.1/thumb/v7-m/nofp/crti.o
                0x0000000008000d30                _fini
 .fini          0x0000000008000d34        0x8 c:/st/stm32cubeide_1.6.1/stm32cubeide/plugins/com.st.stm32cube.ide.mcu.externaltools.gnu-tools-for-stm32.9-2020-q2-update.win32_1.5.0.202011040924/tools/bin/../lib/gcc/arm-none-eabi/9.3.1/thumb/v7-m/nofp/crtn.o
                0x0000000008000d3c                . = ALIGN (0x4)
                0x0000000008000d3c                _etext = .

.vfp11_veneer   0x0000000008000d3c        0x0
 .vfp11_veneer  0x0000000008000d3c        0x0 linker stubs

.v4_bx          0x0000000008000d3c        0x0
 .v4_bx         0x0000000008000d3c        0x0 linker stubs

.iplt           0x0000000008000d3c        0x0
 .iplt          0x0000000008000d3c        0x0 c:/st/stm32cubeide_1.6.1/stm32cubeide/plugins/com.st.stm32cube.ide.mcu.externaltools.gnu-tools-for-stm32.9-2020-q2-update.win32_1.5.0.202011040924/tools/bin/../lib/gcc/arm-none-eabi/9.3.1/thumb/v7-m/nofp/crtbegin.o

.rodata         0x0000000008000d3c       0x60
                0x0000000008000d3c                . = ALIGN (0x4)
 *(.rodata)
 *(.rodata*)
 .rodata.GPIO_Conf_ARR
                0x0000000008000d3c       0x60 MCAL/GPIO/GPIO_CONF.o
                0x0000000008000d3c                GPIO_Conf_ARR
                0x0000000008000d9c                . = ALIGN (0x4)

.rel.dyn        0x0000000008000d9c        0x0
 .rel.iplt      0x0000000008000d9c        0x0 c:/st/stm32cubeide_1.6.1/stm32cubeide/plugins/com.st.stm32cube.ide.mcu.externaltools.gnu-tools-for-stm32.9-2020-q2-update.win32_1.5.0.202011040924/tools/bin/../lib/gcc/arm-none-eabi/9.3.1/thumb/v7-m/nofp/crtbegin.o

.ARM.extab      0x0000000008000d9c        0x0
                0x0000000008000d9c                . = ALIGN (0x4)
 *(.ARM.extab* .gnu.linkonce.armextab.*)
                0x0000000008000d9c                . = ALIGN (0x4)

.ARM            0x0000000008000d9c        0x0
                0x0000000008000d9c                . = ALIGN (0x4)
                0x0000000008000d9c                __exidx_start = .
 *(.ARM.exidx*)
                0x0000000008000d9c                __exidx_end = .
                0x0000000008000d9c                . = ALIGN (0x4)

.preinit_array  0x0000000008000d9c        0x0
                0x0000000008000d9c                . = ALIGN (0x4)
                0x0000000008000d9c                PROVIDE (__preinit_array_start = .)
 *(.preinit_array*)
                0x0000000008000d9c                PROVIDE (__preinit_array_end = .)
                0x0000000008000d9c                . = ALIGN (0x4)

.init_array     0x0000000008000d9c        0x4
                0x0000000008000d9c                . = ALIGN (0x4)
                0x0000000008000d9c                PROVIDE (__init_array_start = .)
 *(SORT_BY_NAME(.init_array.*))
 *(.init_array*)
 .init_array    0x0000000008000d9c        0x4 c:/st/stm32cubeide_1.6.1/stm32cubeide/plugins/com.st.stm32cube.ide.mcu.externaltools.gnu-tools-for-stm32.9-2020-q2-update.win32_1.5.0.202011040924/tools/bin/../lib/gcc/arm-none-eabi/9.3.1/thumb/v7-m/nofp/crtbegin.o
                0x0000000008000da0                PROVIDE (__init_array_end = .)
                0x0000000008000da0                . = ALIGN (0x4)

.fini_array     0x0000000008000da0        0x4
                0x0000000008000da0                . = ALIGN (0x4)
                [!provide]                        PROVIDE (__fini_array_start = .)
 *(SORT_BY_NAME(.fini_array.*))
 *(.fini_array*)
 .fini_array    0x0000000008000da0        0x4 c:/st/stm32cubeide_1.6.1/stm32cubeide/plugins/com.st.stm32cube.ide.mcu.externaltools.gnu-tools-for-stm32.9-2020-q2-update.win32_1.5.0.202011040924/tools/bin/../lib/gcc/arm-none-eabi/9.3.1/thumb/v7-m/nofp/crtbegin.o
                [!provide]                        PROVIDE (__fini_array_end = .)
                0x0000000008000da4                . = ALIGN (0x4)
                0x0000000008000da4                _sidata = LOADADDR (.data)

.data           0x0000000020000000        0x0 load address 0x0000000008000da4
                0x0000000020000000                . = ALIGN (0x4)
                0x0000000020000000                _sdata = .
 *(.data)
 *(.data*)
 *(.RamFunc)
 *(.RamFunc*)
                0x0000000020000000                . = ALIGN (0x4)
                0x0000000020000000                _edata = .

.igot.plt       0x0000000020000000        0x0 load address 0x0000000008000da4
 .igot.plt      0x0000000020000000        0x0 c:/st/stm32cubeide_1.6.1/stm32cubeide/plugins/com.st.stm32cube.ide.mcu.externaltools.gnu-tools-for-stm32.9-2020-q2-update.win32_1.5.0.202011040924/tools/bin/../lib/gcc/arm-none-eabi/9.3.1/thumb/v7-m/nofp/crtbegin.o
                0x0000000020000000                . = ALIGN (0x4)

.bss            0x0000000020000000       0x30 load address 0x0000000008000da4
                0x0000000020000000                _sbss = .
                0x0000000020000000                __bss_start__ = _sbss
 *(.bss)
 .bss           0x0000000020000000       0x1c c:/st/stm32cubeide_1.6.1/stm32cubeide/plugins/com.st.stm32cube.ide.mcu.externaltools.gnu-tools-for-stm32.9-2020-q2-update.win32_1.5.0.202011040924/tools/bin/../lib/gcc/arm-none-eabi/9.3.1/thumb/v7-m/nofp/crtbegin.o
 *(.bss*)
 .bss.Global_UartDataRecive
                0x000000002000001c        0x1 Applicatoin/CmmunicationOverCAN_PROG.o
 *fill*         0x000000002000001d        0x3 
 .bss.STK_PtrCallBack
                0x0000000020000020        0x4 MCAL/Systick/SYSTICK_Prog.o
 .bss.STK_CHAECK_PERODIC
                0x0000000020000024        0x1 MCAL/Systick/SYSTICK_Prog.o
 .bss.STK_ProtectionFlage
                0x0000000020000025        0x1 MCAL/Systick/SYSTICK_Prog.o
 *fill*         0x0000000020000026        0x2 
 .bss.GlobalRX  0x0000000020000028        0x4 MCAL/UART/UART_Prog.o
 .bss.GlobalRX_UART2
                0x000000002000002c        0x4 MCAL/UART/UART_Prog.o
 *(COMMON)
                0x0000000020000030                . = ALIGN (0x4)
                0x0000000020000030                _ebss = .
                0x0000000020000030                __bss_end__ = _ebss

._user_heap_stack
                0x0000000020000030      0x600 load address 0x0000000008000da4
                0x0000000020000030                . = ALIGN (0x8)
                [!provide]                        PROVIDE (end = .)
                [!provide]                        PROVIDE (_end = .)
                0x0000000020000230                . = (. + _Min_Heap_Size)
 *fill*         0x0000000020000030      0x200 
                0x0000000020000630                . = (. + _Min_Stack_Size)
 *fill*         0x0000000020000230      0x400 
                0x0000000020000630                . = ALIGN (0x8)

/DISCARD/
 libc.a(*)
 libm.a(*)
 libgcc.a(*)

.ARM.attributes
                0x0000000000000000       0x29
 *(.ARM.attributes)
 .ARM.attributes
                0x0000000000000000       0x1d c:/st/stm32cubeide_1.6.1/stm32cubeide/plugins/com.st.stm32cube.ide.mcu.externaltools.gnu-tools-for-stm32.9-2020-q2-update.win32_1.5.0.202011040924/tools/bin/../lib/gcc/arm-none-eabi/9.3.1/thumb/v7-m/nofp/crti.o
 .ARM.attributes
                0x000000000000001d       0x2d c:/st/stm32cubeide_1.6.1/stm32cubeide/plugins/com.st.stm32cube.ide.mcu.externaltools.gnu-tools-for-stm32.9-2020-q2-update.win32_1.5.0.202011040924/tools/bin/../lib/gcc/arm-none-eabi/9.3.1/thumb/v7-m/nofp/crtbegin.o
 .ARM.attributes
                0x000000000000004a       0x2d Applicatoin/CmmunicationOverCAN_PROG.o
 .ARM.attributes
                0x0000000000000077       0x2d MCAL/CAN/CAN_program.o
 .ARM.attributes
                0x00000000000000a4       0x33 MCAL/GPIO/GPIO_CONF.o
 .ARM.attributes
                0x00000000000000d7       0x2d MCAL/GPIO/GPIO_Prog.o
 .ARM.attributes
                0x0000000000000104       0x2d MCAL/NVIC/NVIC_Prog.o
 .ARM.attributes
                0x0000000000000131       0x2d MCAL/RCC/RCC_Prog.o
 .ARM.attributes
                0x000000000000015e       0x2d MCAL/Systick/SYSTICK_Prog.o
 .ARM.attributes
                0x000000000000018b       0x2d MCAL/UART/UART_Prog.o
 .ARM.attributes
                0x00000000000001b8       0x2d Src/main.o
 .ARM.attributes
                0x00000000000001e5       0x21 Startup/startup_stm32f103c6tx.o
 .ARM.attributes
                0x0000000000000206       0x2d c:/st/stm32cubeide_1.6.1/stm32cubeide/plugins/com.st.stm32cube.ide.mcu.externaltools.gnu-tools-for-stm32.9-2020-q2-update.win32_1.5.0.202011040924/tools/bin/../lib/gcc/arm-none-eabi/9.3.1/../../../../arm-none-eabi/lib/thumb/v7-m/nofp\libc_nano.a(lib_a-init.o)
 .ARM.attributes
                0x0000000000000233       0x1d c:/st/stm32cubeide_1.6.1/stm32cubeide/plugins/com.st.stm32cube.ide.mcu.externaltools.gnu-tools-for-stm32.9-2020-q2-update.win32_1.5.0.202011040924/tools/bin/../lib/gcc/arm-none-eabi/9.3.1/thumb/v7-m/nofp/crtn.o
OUTPUT(CommucationOverCAN.elf elf32-littlearm)
LOAD linker stubs
LOAD c:/st/stm32cubeide_1.6.1/stm32cubeide/plugins/com.st.stm32cube.ide.mcu.externaltools.gnu-tools-for-stm32.9-2020-q2-update.win32_1.5.0.202011040924/tools/bin/../lib/gcc/arm-none-eabi/9.3.1/../../../../arm-none-eabi/lib/thumb/v7-m/nofp\libc.a
LOAD c:/st/stm32cubeide_1.6.1/stm32cubeide/plugins/com.st.stm32cube.ide.mcu.externaltools.gnu-tools-for-stm32.9-2020-q2-update.win32_1.5.0.202011040924/tools/bin/../lib/gcc/arm-none-eabi/9.3.1/../../../../arm-none-eabi/lib/thumb/v7-m/nofp\libm.a
LOAD c:/st/stm32cubeide_1.6.1/stm32cubeide/plugins/com.st.stm32cube.ide.mcu.externaltools.gnu-tools-for-stm32.9-2020-q2-update.win32_1.5.0.202011040924/tools/bin/../lib/gcc/arm-none-eabi/9.3.1/thumb/v7-m/nofp\libgcc.a

.debug_info     0x0000000000000000     0x38cb
 .debug_info    0x0000000000000000      0xe95 Applicatoin/CmmunicationOverCAN_PROG.o
 .debug_info    0x0000000000000e95      0x853 MCAL/CAN/CAN_program.o
 .debug_info    0x00000000000016e8      0x209 MCAL/GPIO/GPIO_CONF.o
 .debug_info    0x00000000000018f1      0x755 MCAL/GPIO/GPIO_Prog.o
 .debug_info    0x0000000000002046      0x6f2 MCAL/NVIC/NVIC_Prog.o
 .debug_info    0x0000000000002738      0x3c8 MCAL/RCC/RCC_Prog.o
 .debug_info    0x0000000000002b00      0x3a8 MCAL/Systick/SYSTICK_Prog.o
 .debug_info    0x0000000000002ea8      0x982 MCAL/UART/UART_Prog.o
 .debug_info    0x000000000000382a       0x7f Src/main.o
 .debug_info    0x00000000000038a9       0x22 Startup/startup_stm32f103c6tx.o

.debug_abbrev   0x0000000000000000      0xcfa
 .debug_abbrev  0x0000000000000000      0x288 Applicatoin/CmmunicationOverCAN_PROG.o
 .debug_abbrev  0x0000000000000288      0x241 MCAL/CAN/CAN_program.o
 .debug_abbrev  0x00000000000004c9       0xa4 MCAL/GPIO/GPIO_CONF.o
 .debug_abbrev  0x000000000000056d      0x156 MCAL/GPIO/GPIO_Prog.o
 .debug_abbrev  0x00000000000006c3      0x132 MCAL/NVIC/NVIC_Prog.o
 .debug_abbrev  0x00000000000007f5       0xe8 MCAL/RCC/RCC_Prog.o
 .debug_abbrev  0x00000000000008dd      0x148 MCAL/Systick/SYSTICK_Prog.o
 .debug_abbrev  0x0000000000000a25      0x27c MCAL/UART/UART_Prog.o
 .debug_abbrev  0x0000000000000ca1       0x47 Src/main.o
 .debug_abbrev  0x0000000000000ce8       0x12 Startup/startup_stm32f103c6tx.o

.debug_aranges  0x0000000000000000      0x408
 .debug_aranges
                0x0000000000000000       0x68 Applicatoin/CmmunicationOverCAN_PROG.o
 .debug_aranges
                0x0000000000000068       0x90 MCAL/CAN/CAN_program.o
 .debug_aranges
                0x00000000000000f8       0x18 MCAL/GPIO/GPIO_CONF.o
 .debug_aranges
                0x0000000000000110       0x80 MCAL/GPIO/GPIO_Prog.o
 .debug_aranges
                0x0000000000000190       0x50 MCAL/NVIC/NVIC_Prog.o
 .debug_aranges
                0x00000000000001e0       0x38 MCAL/RCC/RCC_Prog.o
 .debug_aranges
                0x0000000000000218       0x80 MCAL/Systick/SYSTICK_Prog.o
 .debug_aranges
                0x0000000000000298      0x128 MCAL/UART/UART_Prog.o
 .debug_aranges
                0x00000000000003c0       0x20 Src/main.o
 .debug_aranges
                0x00000000000003e0       0x28 Startup/startup_stm32f103c6tx.o

.debug_ranges   0x0000000000000000      0x368
 .debug_ranges  0x0000000000000000       0x58 Applicatoin/CmmunicationOverCAN_PROG.o
 .debug_ranges  0x0000000000000058       0x80 MCAL/CAN/CAN_program.o
 .debug_ranges  0x00000000000000d8       0x70 MCAL/GPIO/GPIO_Prog.o
 .debug_ranges  0x0000000000000148       0x40 MCAL/NVIC/NVIC_Prog.o
 .debug_ranges  0x0000000000000188       0x28 MCAL/RCC/RCC_Prog.o
 .debug_ranges  0x00000000000001b0       0x70 MCAL/Systick/SYSTICK_Prog.o
 .debug_ranges  0x0000000000000220      0x118 MCAL/UART/UART_Prog.o
 .debug_ranges  0x0000000000000338       0x10 Src/main.o
 .debug_ranges  0x0000000000000348       0x20 Startup/startup_stm32f103c6tx.o

.debug_macro    0x0000000000000000     0x2447
 .debug_macro   0x0000000000000000      0x1fe Applicatoin/CmmunicationOverCAN_PROG.o
 .debug_macro   0x00000000000001fe      0xaa2 Applicatoin/CmmunicationOverCAN_PROG.o
 .debug_macro   0x0000000000000ca0       0x22 Applicatoin/CmmunicationOverCAN_PROG.o
 .debug_macro   0x0000000000000cc2       0x4c Applicatoin/CmmunicationOverCAN_PROG.o
 .debug_macro   0x0000000000000d0e       0x18 Applicatoin/CmmunicationOverCAN_PROG.o
 .debug_macro   0x0000000000000d26       0x94 Applicatoin/CmmunicationOverCAN_PROG.o
 .debug_macro   0x0000000000000dba       0x3c Applicatoin/CmmunicationOverCAN_PROG.o
 .debug_macro   0x0000000000000df6       0x34 Applicatoin/CmmunicationOverCAN_PROG.o
 .debug_macro   0x0000000000000e2a       0x16 Applicatoin/CmmunicationOverCAN_PROG.o
 .debug_macro   0x0000000000000e40       0x57 Applicatoin/CmmunicationOverCAN_PROG.o
 .debug_macro   0x0000000000000e97       0x97 Applicatoin/CmmunicationOverCAN_PROG.o
 .debug_macro   0x0000000000000f2e      0x339 Applicatoin/CmmunicationOverCAN_PROG.o
 .debug_macro   0x0000000000001267       0xfd Applicatoin/CmmunicationOverCAN_PROG.o
 .debug_macro   0x0000000000001364       0x10 Applicatoin/CmmunicationOverCAN_PROG.o
 .debug_macro   0x0000000000001374       0x16 Applicatoin/CmmunicationOverCAN_PROG.o
 .debug_macro   0x000000000000138a       0x43 Applicatoin/CmmunicationOverCAN_PROG.o
 .debug_macro   0x00000000000013cd       0x34 Applicatoin/CmmunicationOverCAN_PROG.o
 .debug_macro   0x0000000000001401       0x10 Applicatoin/CmmunicationOverCAN_PROG.o
 .debug_macro   0x0000000000001411       0x58 Applicatoin/CmmunicationOverCAN_PROG.o
 .debug_macro   0x0000000000001469       0x71 Applicatoin/CmmunicationOverCAN_PROG.o
 .debug_macro   0x00000000000014da       0x1c Applicatoin/CmmunicationOverCAN_PROG.o
 .debug_macro   0x00000000000014f6      0x12a Applicatoin/CmmunicationOverCAN_PROG.o
 .debug_macro   0x0000000000001620       0x10 Applicatoin/CmmunicationOverCAN_PROG.o
 .debug_macro   0x0000000000001630       0x6a Applicatoin/CmmunicationOverCAN_PROG.o
 .debug_macro   0x000000000000169a       0x1c Applicatoin/CmmunicationOverCAN_PROG.o
 .debug_macro   0x00000000000016b6       0x52 Applicatoin/CmmunicationOverCAN_PROG.o
 .debug_macro   0x0000000000001708       0x22 Applicatoin/CmmunicationOverCAN_PROG.o
 .debug_macro   0x000000000000172a       0x10 Applicatoin/CmmunicationOverCAN_PROG.o
 .debug_macro   0x000000000000173a       0x40 Applicatoin/CmmunicationOverCAN_PROG.o
 .debug_macro   0x000000000000177a       0xd5 Applicatoin/CmmunicationOverCAN_PROG.o
 .debug_macro   0x000000000000184f       0x1c Applicatoin/CmmunicationOverCAN_PROG.o
 .debug_macro   0x000000000000186b       0x3d Applicatoin/CmmunicationOverCAN_PROG.o
 .debug_macro   0x00000000000018a8       0x16 Applicatoin/CmmunicationOverCAN_PROG.o
 .debug_macro   0x00000000000018be      0x145 Applicatoin/CmmunicationOverCAN_PROG.o
 .debug_macro   0x0000000000001a03       0x28 Applicatoin/CmmunicationOverCAN_PROG.o
 .debug_macro   0x0000000000001a2b       0x22 Applicatoin/CmmunicationOverCAN_PROG.o
 .debug_macro   0x0000000000001a4d       0xfa Applicatoin/CmmunicationOverCAN_PROG.o
 .debug_macro   0x0000000000001b47       0x22 Applicatoin/CmmunicationOverCAN_PROG.o
 .debug_macro   0x0000000000001b69      0x13c Applicatoin/CmmunicationOverCAN_PROG.o
 .debug_macro   0x0000000000001ca5       0x47 MCAL/CAN/CAN_program.o
 .debug_macro   0x0000000000001cec       0x40 MCAL/CAN/CAN_program.o
 .debug_macro   0x0000000000001d2c      0x1b7 MCAL/CAN/CAN_program.o
 .debug_macro   0x0000000000001ee3       0x3a MCAL/CAN/CAN_program.o
 .debug_macro   0x0000000000001f1d       0x22 MCAL/CAN/CAN_program.o
 .debug_macro   0x0000000000001f3f       0x2d MCAL/GPIO/GPIO_CONF.o
 .debug_macro   0x0000000000001f6c       0x28 MCAL/GPIO/GPIO_CONF.o
 .debug_macro   0x0000000000001f94       0x48 MCAL/GPIO/GPIO_Prog.o
 .debug_macro   0x0000000000001fdc       0x40 MCAL/GPIO/GPIO_Prog.o
 .debug_macro   0x000000000000201c      0x1b7 MCAL/GPIO/GPIO_Prog.o
 .debug_macro   0x00000000000021d3       0x28 MCAL/GPIO/GPIO_Prog.o
 .debug_macro   0x00000000000021fb       0x49 MCAL/NVIC/NVIC_Prog.o
 .debug_macro   0x0000000000002244       0x22 MCAL/NVIC/NVIC_Prog.o
 .debug_macro   0x0000000000002266       0x47 MCAL/RCC/RCC_Prog.o
 .debug_macro   0x00000000000022ad       0x34 MCAL/RCC/RCC_Prog.o
 .debug_macro   0x00000000000022e1       0x10 MCAL/RCC/RCC_Prog.o
 .debug_macro   0x00000000000022f1       0x47 MCAL/Systick/SYSTICK_Prog.o
 .debug_macro   0x0000000000002338       0x10 MCAL/Systick/SYSTICK_Prog.o
 .debug_macro   0x0000000000002348       0x16 MCAL/Systick/SYSTICK_Prog.o
 .debug_macro   0x000000000000235e       0x10 MCAL/Systick/SYSTICK_Prog.o
 .debug_macro   0x000000000000236e       0x47 MCAL/UART/UART_Prog.o
 .debug_macro   0x00000000000023b5       0x16 MCAL/UART/UART_Prog.o
 .debug_macro   0x00000000000023cb       0x58 MCAL/UART/UART_Prog.o
 .debug_macro   0x0000000000002423       0x24 Src/main.o

.debug_line     0x0000000000000000     0x27c2
 .debug_line    0x0000000000000000      0x93d Applicatoin/CmmunicationOverCAN_PROG.o
 .debug_line    0x000000000000093d      0x6c5 MCAL/CAN/CAN_program.o
 .debug_line    0x0000000000001002       0xab MCAL/GPIO/GPIO_CONF.o
 .debug_line    0x00000000000010ad      0x732 MCAL/GPIO/GPIO_Prog.o
 .debug_line    0x00000000000017df      0x229 MCAL/NVIC/NVIC_Prog.o
 .debug_line    0x0000000000001a08      0x19d MCAL/RCC/RCC_Prog.o
 .debug_line    0x0000000000001ba5      0x312 MCAL/Systick/SYSTICK_Prog.o
 .debug_line    0x0000000000001eb7      0x78d MCAL/UART/UART_Prog.o
 .debug_line    0x0000000000002644       0xfa Src/main.o
 .debug_line    0x000000000000273e       0x84 Startup/startup_stm32f103c6tx.o

.debug_str      0x0000000000000000     0xa8de
 .debug_str     0x0000000000000000     0x887c Applicatoin/CmmunicationOverCAN_PROG.o
                                       0x8a52 (size before relaxing)
 .debug_str     0x000000000000887c      0xec1 MCAL/CAN/CAN_program.o
                                       0x43e0 (size before relaxing)
 .debug_str     0x000000000000973d      0x1d3 MCAL/GPIO/GPIO_CONF.o
                                       0x334d (size before relaxing)
 .debug_str     0x0000000000009910      0x29d MCAL/GPIO/GPIO_Prog.o
                                       0x3f05 (size before relaxing)
 .debug_str     0x0000000000009bad      0x2fd MCAL/NVIC/NVIC_Prog.o
                                       0x3ef7 (size before relaxing)
 .debug_str     0x0000000000009eaa      0x274 MCAL/RCC/RCC_Prog.o
                                       0x3c82 (size before relaxing)
 .debug_str     0x000000000000a11e      0x239 MCAL/Systick/SYSTICK_Prog.o
                                       0x39cf (size before relaxing)
 .debug_str     0x000000000000a357      0x543 MCAL/UART/UART_Prog.o
                                       0x3d3d (size before relaxing)
 .debug_str     0x000000000000a89a       0x13 Src/main.o
                                       0x2e6e (size before relaxing)
 .debug_str     0x000000000000a8ad       0x31 Startup/startup_stm32f103c6tx.o
                                         0x6e (size before relaxing)

.comment        0x0000000000000000       0x53
 .comment       0x0000000000000000       0x53 Applicatoin/CmmunicationOverCAN_PROG.o
                                         0x54 (size before relaxing)
 .comment       0x0000000000000053       0x54 MCAL/CAN/CAN_program.o
 .comment       0x0000000000000053       0x54 MCAL/GPIO/GPIO_CONF.o
 .comment       0x0000000000000053       0x54 MCAL/GPIO/GPIO_Prog.o
 .comment       0x0000000000000053       0x54 MCAL/NVIC/NVIC_Prog.o
 .comment       0x0000000000000053       0x54 MCAL/RCC/RCC_Prog.o
 .comment       0x0000000000000053       0x54 MCAL/Systick/SYSTICK_Prog.o
 .comment       0x0000000000000053       0x54 MCAL/UART/UART_Prog.o
 .comment       0x0000000000000053       0x54 Src/main.o

.debug_frame    0x0000000000000000      0xe88
 .debug_frame   0x0000000000000000      0x164 Applicatoin/CmmunicationOverCAN_PROG.o
 .debug_frame   0x0000000000000164      0x210 MCAL/CAN/CAN_program.o
 .debug_frame   0x0000000000000374      0x214 MCAL/GPIO/GPIO_Prog.o
 .debug_frame   0x0000000000000588      0x120 MCAL/NVIC/NVIC_Prog.o
 .debug_frame   0x00000000000006a8       0xa8 MCAL/RCC/RCC_Prog.o
 .debug_frame   0x0000000000000750      0x1dc MCAL/Systick/SYSTICK_Prog.o
 .debug_frame   0x000000000000092c      0x504 MCAL/UART/UART_Prog.o
 .debug_frame   0x0000000000000e30       0x2c Src/main.o
 .debug_frame   0x0000000000000e5c       0x2c c:/st/stm32cubeide_1.6.1/stm32cubeide/plugins/com.st.stm32cube.ide.mcu.externaltools.gnu-tools-for-stm32.9-2020-q2-update.win32_1.5.0.202011040924/tools/bin/../lib/gcc/arm-none-eabi/9.3.1/../../../../arm-none-eabi/lib/thumb/v7-m/nofp\libc_nano.a(lib_a-init.o)
