CmmunicationOverCAN_PROG.c:26:6:CommApp_voidInit	8	static
CmmunicationOverCAN_PROG.c:60:6:CommApp_voidRunnable	8	static
CmmunicationOverCAN_PROG.c:78:16:CommApp_enuCANDataCheck	4	static
CmmunicationOverCAN_PROG.c:94:5:Std_id_High	16	static
CmmunicationOverCAN_PROG.c:97:6:CAN_FilterConfig	48	static
CmmunicationOverCAN_PROG.c:113:16:CommApp_enuSerialDataCheck	16	static
CmmunicationOverCAN_PROG.c:122:16:CommApp_enuCANSend	48	static
CmmunicationOverCAN_PROG.c:137:16:CommApp_enuSerialSend	24	static
CmmunicationOverCAN_PROG.c:144:6:CommApp_voidClearUartVar	4	static
CmmunicationOverCAN_PROG.c:147:4:CommApp_voidReadUartVar	4	static
CmmunicationOverCAN_PROG.c:150:4:CommApp_voidReadClearUartVar	16	static
CmmunicationOverCAN_PROG.c:156:6:CommApp_voidUart_ISRFunction	8	static
