CmmunicationOverCAN_PROG.c:26:6:CommApp_voidInit	8	static
CmmunicationOverCAN_PROG.c:60:6:CommApp_voidRunnable	8	static
CmmunicationOverCAN_PROG.c:81:5:Std_id_High	16	static
CmmunicationOverCAN_PROG.c:84:6:CAN_FilterConfig	48	static
CmmunicationOverCAN_PROG.c:100:16:CommApp_enuSerialDataCheck	16	static
CmmunicationOverCAN_PROG.c:109:16:CommApp_enuDataSend	48	static
CmmunicationOverCAN_PROG.c:125:6:CommApp_voidClearUartVar	4	static
CmmunicationOverCAN_PROG.c:128:4:CommApp_voidReadUartVar	4	static
CmmunicationOverCAN_PROG.c:131:4:CommApp_voidReadClearUartVar	16	static
CmmunicationOverCAN_PROG.c:137:6:CommApp_voidUart_ISRFunction	8	static
