SYSTICK_Prog.c:18:9:STK_u8Init	4	static
SYSTICK_Prog.c:34:9:STK_u8SetBusyWait	24	static
SYSTICK_Prog.c:57:9:STK_u8SetIntervalSingleOV	24	static
SYSTICK_Prog.c:82:9:STK_u8SetIntervalSingle	24	static
SYSTICK_Prog.c:108:9:STK_u8SetIntervalPeriodic	24	static
SYSTICK_Prog.c:129:9:STK_u8StopTimer	16	static
SYSTICK_Prog.c:139:9:STK_u8StartTimer	16	static
SYSTICK_Prog.c:146:9:STK_u8SpentTimer	24	static
SYSTICK_Prog.c:153:9:STK_u8GetRemining	24	static
SYSTICK_Prog.c:160:9:STK_u8ENInterrupt	4	static
SYSTICK_Prog.c:165:9:STK_u8DSInterrupt	4	static
SYSTICK_Prog.c:169:9:STK_u8SetCallBack	24	static
SYSTICK_Prog.c:178:6:SysTick_Handler	8	static
